Component: ARM Compiler 6.16 Tool: armlink [5dfeaa00]

==============================================================================

Section Cross References

    startup_stm32u575xx.o(STACK) refers (Special) to heapauxi.o(.text) for __use_two_region_memory
    startup_stm32u575xx.o(HEAP) refers (Special) to heapauxi.o(.text) for __use_two_region_memory
    startup_stm32u575xx.o(RESET) refers (Special) to heapauxi.o(.text) for __use_two_region_memory
    startup_stm32u575xx.o(RESET) refers to startup_stm32u575xx.o(STACK) for __initial_sp
    startup_stm32u575xx.o(RESET) refers to startup_stm32u575xx.o(.text) for Reset_Handler
    startup_stm32u575xx.o(RESET) refers to stm32u5xx_it.o(.text.NMI_Handler) for NMI_Handler
    startup_stm32u575xx.o(RESET) refers to stm32u5xx_it.o(.text.HardFault_Handler) for HardFault_Handler
    startup_stm32u575xx.o(RESET) refers to stm32u5xx_it.o(.text.MemManage_Handler) for MemManage_Handler
    startup_stm32u575xx.o(RESET) refers to stm32u5xx_it.o(.text.BusFault_Handler) for BusFault_Handler
    startup_stm32u575xx.o(RESET) refers to stm32u5xx_it.o(.text.UsageFault_Handler) for UsageFault_Handler
    startup_stm32u575xx.o(RESET) refers to stm32u5xx_it.o(.text.SVC_Handler) for SVC_Handler
    startup_stm32u575xx.o(RESET) refers to stm32u5xx_it.o(.text.DebugMon_Handler) for DebugMon_Handler
    startup_stm32u575xx.o(RESET) refers to stm32u5xx_it.o(.text.PendSV_Handler) for PendSV_Handler
    startup_stm32u575xx.o(RESET) refers to stm32u5xx_it.o(.text.SysTick_Handler) for SysTick_Handler
    startup_stm32u575xx.o(RESET) refers to stm32u5xx_it.o(.text.UART5_IRQHandler) for UART5_IRQHandler
    startup_stm32u575xx.o(.text) refers (Special) to heapauxi.o(.text) for __use_two_region_memory
    startup_stm32u575xx.o(.text) refers to system_stm32u5xx.o(.text.SystemInit) for SystemInit
    startup_stm32u575xx.o(.text) refers to __main.o(!!!main) for __main
    startup_stm32u575xx.o(.text) refers to startup_stm32u575xx.o(HEAP) for Heap_Mem
    startup_stm32u575xx.o(.text) refers to startup_stm32u575xx.o(STACK) for Stack_Mem
    tcp_wifi.o(.text.wifi_config) refers to usart.o(.text.u5_printf) for u5_printf
    tcp_wifi.o(.text.wifi_config) refers to main.o(.bss.RecvBuf) for RecvBuf
    tcp_wifi.o(.text.wifi_config) refers to tcp_wifi.o(.rodata.str1.1) for .L.str.1
    tcp_wifi.o(.text.wifi_config) refers to strstr.o(.text) for strstr
    tcp_wifi.o(.text.wifi_config) refers to stm32u5xx_hal.o(.text.HAL_Delay) for HAL_Delay
    tcp_wifi.o(.text.wifi_config) refers to rt_memclr.o(.text) for __aeabi_memclr
    tcp_wifi.o(.ARM.exidx.text.wifi_config) refers to tcp_wifi.o(.text.wifi_config) for [Anonymous Symbol]
    tcp_wifi.o(.text.wifi_connect) refers to usart.o(.text.u5_printf) for u5_printf
    tcp_wifi.o(.text.wifi_connect) refers to main.o(.bss.RecvBuf) for RecvBuf
    tcp_wifi.o(.text.wifi_connect) refers to tcp_wifi.o(.rodata.str1.1) for .L.str.1
    tcp_wifi.o(.text.wifi_connect) refers to strstr.o(.text) for strstr
    tcp_wifi.o(.text.wifi_connect) refers to usart.o(.text.u1_printf) for u1_printf
    tcp_wifi.o(.text.wifi_connect) refers to stm32u5xx_hal.o(.text.HAL_Delay) for HAL_Delay
    tcp_wifi.o(.text.wifi_connect) refers to rt_memclr.o(.text) for __aeabi_memclr
    tcp_wifi.o(.ARM.exidx.text.wifi_connect) refers to tcp_wifi.o(.text.wifi_connect) for [Anonymous Symbol]
    tcp_wifi.o(.text.wifi_connecTCP) refers to usart.o(.text.u5_printf) for u5_printf
    tcp_wifi.o(.text.wifi_connecTCP) refers to main.o(.bss.RecvBuf) for RecvBuf
    tcp_wifi.o(.text.wifi_connecTCP) refers to tcp_wifi.o(.rodata.str1.1) for .L.str.1
    tcp_wifi.o(.text.wifi_connecTCP) refers to strstr.o(.text) for strstr
    tcp_wifi.o(.text.wifi_connecTCP) refers to usart.o(.text.u1_printf) for u1_printf
    tcp_wifi.o(.text.wifi_connecTCP) refers to stm32u5xx_hal.o(.text.HAL_Delay) for HAL_Delay
    tcp_wifi.o(.ARM.exidx.text.wifi_connecTCP) refers to tcp_wifi.o(.text.wifi_connecTCP) for [Anonymous Symbol]
    tcp_wifi.o(.text.TCP_send) refers to usart.o(.text.u5_printf) for u5_printf
    tcp_wifi.o(.ARM.exidx.text.TCP_send) refers to tcp_wifi.o(.text.TCP_send) for [Anonymous Symbol]
    main.o(.text) refers (Special) to _printf_d.o(.ARM.Collect$$_printf_percent$$00000009) for _printf_d
    main.o(.text) refers (Special) to _printf_f.o(.ARM.Collect$$_printf_percent$$00000003) for _printf_f
    main.o(.text) refers (Special) to printf1.o(x$fpl$printf1) for _printf_fp_dec
    main.o(.text) refers (Special) to _printf_dec.o(.text) for _printf_int_dec
    main.o(.text) refers (Special) to _printf_percent.o(.ARM.Collect$$_printf_percent$$00000000) for _printf_percent
    main.o(.text.main) refers (Special) to _printf_d.o(.ARM.Collect$$_printf_percent$$00000009) for _printf_d
    main.o(.text.main) refers (Special) to _printf_f.o(.ARM.Collect$$_printf_percent$$00000003) for _printf_f
    main.o(.text.main) refers (Special) to printf1.o(x$fpl$printf1) for _printf_fp_dec
[...]
    $v0                                      0x08007fd6   Number         0  fnaninf.o(x$fpl$fnaninf)
    x$fpl$fnaninf                            0x08007fd6   Section      140  fnaninf.o(x$fpl$fnaninf)
    $v0                                      0x08008062   Number         0  fpinit.o(x$fpl$fpinit)
    x$fpl$fpinit                             0x08008062   Section       26  fpinit.o(x$fpl$fpinit)
    $v0                                      0x0800807c   Number         0  printf1.o(x$fpl$printf1)
    x$fpl$printf1                            0x0800807c   Section        4  printf1.o(x$fpl$printf1)
    $v0                                      0x08008080   Number         0  printf2.o(x$fpl$printf2)
    x$fpl$printf2                            0x08008080   Section        4  printf2.o(x$fpl$printf2)
    maptable                                 0x08008084   Data          17  __printf_flags_ss_wp.o(.constdata)
    .constdata                               0x08008084   Section       17  __printf_flags_ss_wp.o(.constdata)
    x$fpl$usenofp                            0x08008084   Section        0  usenofp.o(x$fpl$usenofp)
    initial_mbstate                          0x08008098   Data           8  _printf_wctomb.o(.constdata)
    .constdata                               0x08008098   Section        8  _printf_wctomb.o(.constdata)
    uc_hextab                                0x080080a0   Data          20  _printf_hex_int_ll_ptr.o(.constdata)
    .constdata                               0x080080a0   Section       40  _printf_hex_int_ll_ptr.o(.constdata)
    lc_hextab                                0x080080b4   Data          20  _printf_hex_int_ll_ptr.o(.constdata)
    lc_hextab                                0x080080c8   Data          19  _printf_fp_hex.o(.constdata)
    .constdata                               0x080080c8   Section       38  _printf_fp_hex.o(.constdata)
    uc_hextab                                0x080080db   Data          19  _printf_fp_hex.o(.constdata)
    tenpwrs_x                                0x080080f0   Data          60  bigflt0.o(.constdata)
    .constdata                               0x080080f0   Section      148  bigflt0.o(.constdata)
    tenpwrs_i                                0x0800812c   Data          64  bigflt0.o(.constdata)
    LPGPIO_Map                               0x0800819c   Data         128  stm32u5xx_hal_gpio.o(.rodata.LPGPIO_Map)
    [Anonymous Symbol]                       0x0800819c   Section        0  stm32u5xx_hal_gpio.o(.rodata.LPGPIO_Map)
    UARTEx_SetNbDataToProcess.numerator      0x08008274   Data           8  stm32u5xx_hal_uart_ex.o(.rodata.cst8)
    [Anonymous Symbol]                       0x08008274   Section        0  stm32u5xx_hal_uart_ex.o(.rodata.cst8)
    UARTEx_SetNbDataToProcess.denominator    0x0800827c   Data           8  stm32u5xx_hal_uart_ex.o(.rodata.cst8)
    .L.str.1                                 0x08008284   Data           3  tcp_wifi.o(.rodata.str1.1)
    [Anonymous Symbol]                       0x08008284   Section        0  tcp_wifi.o(.rodata.str1.1)
    .L.str.11                                0x08008287   Data          12  main.o(.rodata.str1.1)
    [Anonymous Symbol]                       0x08008287   Section        0  main.o(.rodata.str1.1)
    .L.str.12                                0x08008293   Data          12  main.o(.rodata.str1.1)
    .L.str.13                                0x0800829f   Data          12  main.o(.rodata.str1.1)
    .L.str.15                                0x080082ab   Data           6  main.o(.rodata.str1.1)
    .L.str.14                                0x080082b1   Data           6  main.o(.rodata.str1.1)
    .L.str.8                                 0x080082b7   Data          25  main.o(.rodata.str1.1)
    .L.str.10                                0x080082d0   Data          19  main.o(.rodata.str1.1)
    locale$$data                             0x08008304   Section       28  lc_numeric_c.o(locale$$data)
    __lcnum_c_name                           0x08008308   Data           2  lc_numeric_c.o(locale$$data)
    __lcnum_c_start                          0x08008310   Data           0  lc_numeric_c.o(locale$$data)
    __lcnum_c_point                          0x0800831c   Data           0  lc_numeric_c.o(locale$$data)
    __lcnum_c_thousands                      0x0800831e   Data           0  lc_numeric_c.o(locale$$data)
    __lcnum_c_grouping                       0x0800831f   Data           0  lc_numeric_c.o(locale$$data)
    __lcnum_c_end                            0x08008320   Data           0  lc_numeric_c.o(locale$$data)
    locale$$data                             0x08008320   Section      272  lc_ctype_c.o(locale$$data)
    __lcctype_c_name                         0x08008324   Data           2  lc_ctype_c.o(locale$$data)
    __lcctype_c_start                        0x0800832c   Data           0  lc_ctype_c.o(locale$$data)
    __lcctype_c_end                          0x08008430   Data           0  lc_ctype_c.o(locale$$data)
    .L_MergedGlobals                         0x20000000   Data           8  stm32u5xx_hal.o(.data..L_MergedGlobals)
    [Anonymous Symbol]                       0x20000000   Section        0  stm32u5xx_hal.o(.data..L_MergedGlobals)
    .bss                                     0x20000010   Section       96  libspace.o(.bss)
    Heap_Mem                                 0x20000e00   Data         512  startup_stm32u575xx.o(HEAP)
    HEAP                                     0x20000e00   Section      512  startup_stm32u575xx.o(HEAP)
    Stack_Mem                                0x20001000   Data        1024  startup_stm32u575xx.o(STACK)
    STACK                                    0x20001000   Section     1024  startup_stm32u575xx.o(STACK)
    __initial_sp                             0x20001400   Data           0  startup_stm32u575xx.o(STACK)

    Global Symbols

    Symbol Name                              Value     Ov Type        Size  Object(Section)

    BuildAttributes$$THM_ISAv4$E$P$D$K$B$S$7EM$8M$VFPi5$EXTD16$VFPS$VFMA$PE$A:L22UL41UL21$X:L11$S22US41US21$IEEE1$IW$~IW$USESV6$~STKCKD$USESV7$~SHL$OTIME$ROPI$IEEEJ$EBA8$UX$STANDARDLIB$REQ8$PRES8$EABIv2 0x00000000   Number         0  anon$$obj.o ABSOLUTE
    _printf_flags                            0x00000000   Number         0  printf_stubs.o ABSOLUTE
    _printf_return_value                     0x00000000   Number         0  printf_stubs.o ABSOLUTE
    _printf_sizespec                         0x00000000   Number         0  printf_stubs.o ABSOLUTE
    _printf_widthprec                        0x00000000   Number         0  printf_stubs.o ABSOLUTE
    __ARM_exceptions_init                     - Undefined Weak Reference
    __alloca_initialize                       - Undefined Weak Reference
    __arm_preinit_                            - Undefined Weak Reference
    __cpp_initialize__aeabi_                  - Undefined Weak Reference
    __cxa_finalize                            - Undefined Weak Reference
    __sigvec_lookup                           - Undefined Weak Reference
    _atexit_init                              - Undefined Weak Reference
    _call_atexit_fns                          - Undefined Weak Reference
    _clock_init                               - Undefined Weak Reference
    _fp_trap_init                             - Undefined Weak Reference
    _fp_trap_shutdown                         - Undefined Weak Reference
    _get_lc_collate                           - Undefined Weak Reference
    _get_lc_monetary                          - Undefined Weak Reference
    _get_lc_time                              - Undefined Weak Reference
    _getenv_init                              - Undefined Weak Reference
    _handle_redirection                       - Undefined Weak Reference
    _init_alloc                               - Undefined Weak Reference
    _init_user_alloc                          - Undefined Weak Reference
    _initio                                   - Undefined Weak Reference
    _printf_mbtowc                            - Undefined Weak Reference
    _printf_wc                                - Undefined Weak Reference
    _rand_init                                - Undefined Weak Reference
    _signal_finish                            - Undefined Weak Reference
    _signal_init                              - Undefined Weak Reference
    _terminate_alloc                          - Undefined Weak Reference
    _terminate_user_alloc                     - Undefined Weak Reference
    _terminateio                              - Undefined Weak Reference
    __Vectors_Size                           0x00000238   Number         0  startup_stm32u575xx.o ABSOLUTE
    __Vectors                                0x08000000   Data           4  startup_stm32u575xx.o(RESET)
    __Vectors_End                            0x08000238   Data           0  startup_stm32u575xx.o(RESET)
    __main                                   0x08000239   Thumb Code     8  __main.o(!!!main)
    __scatterload                            0x08000241   Thumb Code     0  __scatter.o(!!!scatter)
    __scatterload_rt2                        0x08000241   Thumb Code    44  __scatter.o(!!!scatter)
    __scatterload_rt2_thumb_only             0x08000241   Thumb Code     0  __scatter.o(!!!scatter)
    __scatterload_null                       0x0800024f   Thumb Code     0  __scatter.o(!!!scatter)
    __scatterload_copy                       0x08000275   Thumb Code    26  __scatter_copy.o(!!handler_copy)
    __scatterload_zeroinit                   0x08000291   Thumb Code    28  __scatter_zi.o(!!handler_zi)
    _printf_n                                0x080002ad   Thumb Code     0  _printf_n.o(.ARM.Collect$$_printf_percent$$00000001)
    _printf_percent                          0x080002ad   Thumb Code     0  _printf_percent.o(.ARM.Collect$$_printf_percent$$00000000)
    _printf_p                                0x080002b3   Thumb Code     0  _printf_p.o(.ARM.Collect$$_printf_percent$$00000002)
    _printf_f                                0x080002b9   Thumb Code     0  _printf_f.o(.ARM.Collect$$_printf_percent$$00000003)
    _printf_e                                0x080002bf   Thumb Code     0  _printf_e.o(.ARM.Collect$$_printf_percent$$00000004)
    _printf_g                                0x080002c5   Thumb Code     0  _printf_g.o(.ARM.Collect$$_printf_percent$$00000005)
    _printf_a                                0x080002cb   Thumb Code     0  _printf_a.o(.ARM.Collect$$_printf_percent$$00000006)
    _printf_ll                               0x080002d1   Thumb Code     0  _printf_ll.o(.ARM.Collect$$_printf_percent$$00000007)
    _printf_i                                0x080002db   Thumb Code     0  _printf_i.o(.ARM.Collect$$_printf_percent$$00000008)
    _printf_d                                0x080002e1   Thumb Code     0  _printf_d.o(.ARM.Collect$$_printf_percent$$00000009)
    _printf_u                                0x080002e7   Thumb Code     0  _printf_u.o(.ARM.Collect$$_printf_percent$$0000000A)
    _printf_o                                0x080002ed   Thumb Code     0  _printf_o.o(.ARM.Collect$$_printf_percent$$0000000B)
    _printf_x                                0x080002f3   Thumb Code     0  _printf_x.o(.ARM.Collect$$_printf_percent$$0000000C)
    _printf_lli                              0x080002f9   Thumb Code     0  _printf_lli.o(.ARM.Collect$$_printf_percent$$0000000D)
    _printf_lld                              0x080002ff   Thumb Code     0  _printf_lld.o(.ARM.Collect$$_printf_percent$$0000000E)
    _printf_llu                              0x08000305   Thumb Code     0  _printf_llu.o(.ARM.Collect$$_printf_percent$$0000000F)
    _printf_llo                              0x0800030b   Thumb Code     0  _printf_llo.o(.ARM.Collect$$_printf_percent$$00000010)
    _printf_llx                              0x08000311   Thumb Code     0  _printf_llx.o(.ARM.Collect$$_printf_percent$$00000011)
    _printf_l                                0x08000317   Thumb Code     0  _printf_l.o(.ARM.Collect$$_printf_percent$$00000012)
    _printf_c                                0x08000321   Thumb Code     0  _printf_c.o(.ARM.Collect$$_printf_percent$$00000013)
    _printf_s                                0x08000327   Thumb Code     0  _printf_s.o(.ARM.Collect$$_printf_percent$$00000014)
    _printf_lc                               0x0800032d   Thumb Code     0  _printf_lc.o(.ARM.Collect$$_printf_percent$$00000015)
    _printf_ls                               0x08000333   Thumb Code     0  _printf_ls.o(.ARM.Collect$$_printf_percent$$00000016)
    _printf_percent_end                      0x08000339   Thumb Code     0  _printf_percent_end.o(.ARM.Collect$$_printf_percent$$00000017)
    __rt_lib_init                            0x0800033d   Thumb Code     0  libinit.o(.ARM.Collect$$libinit$$00000000)
    __rt_lib_init_fp_1                       0x0800033f   Thumb Code     0  libinit2.o(.ARM.Collect$$libinit$$00000001)
    __rt_lib_init_heap_1                     0x08000343   Thumb Code     0  libinit2.o(.ARM.Collect$$libinit$$0000000A)
    __rt_lib_init_lc_common                  0x08000343   Thumb Code     0  libinit2.o(.ARM.Collect$$libinit$$0000000F)
    __rt_lib_init_preinit_1                  0x08000343   Thumb Code     0  libinit2.o(.ARM.Collect$$libinit$$00000004)
    __rt_lib_init_rand_1                     0x08000343   Thumb Code     0  libinit2.o(.ARM.Collect$$libinit$$0000000E)
    __rt_lib_init_user_alloc_1               0x08000343   Thumb Code     0  libinit2.o(.ARM.Collect$$libinit$$0000000C)
    __rt_lib_init_lc_collate_1               0x08000349   Thumb Code     0  libinit2.o(.ARM.Collect$$libinit$$00000011)
    __rt_lib_init_lc_ctype_2                 0x08000349   Thumb Code     0  libinit2.o(.ARM.Collect$$libinit$$00000012)
    __rt_lib_init_lc_ctype_1                 0x08000355   Thumb Code     0  libinit2.o(.ARM.Collect$$libinit$$00000013)
    __rt_lib_init_lc_monetary_1              0x08000355   Thumb Code     0  libinit2.o(.ARM.Collect$$libinit$$00000015)
    __rt_lib_init_lc_numeric_2               0x08000355   Thumb Code     0  libinit2.o(.ARM.Collect$$libinit$$00000016)
    __rt_lib_init_alloca_1                   0x0800035f   Thumb Code     0  libinit2.o(.ARM.Collect$$libinit$$0000002E)
    __rt_lib_init_argv_1                     0x0800035f   Thumb Code     0  libinit2.o(.ARM.Collect$$libinit$$0000002C)
    __rt_lib_init_atexit_1                   0x0800035f   Thumb Code     0  libinit2.o(.ARM.Collect$$libinit$$0000001B)
    __rt_lib_init_clock_1                    0x0800035f   Thumb Code     0  libinit2.o(.ARM.Collect$$libinit$$00000021)
    __rt_lib_init_cpp_1                      0x0800035f   Thumb Code     0  libinit2.o(.ARM.Collect$$libinit$$00000032)
    __rt_lib_init_exceptions_1               0x0800035f   Thumb Code     0  libinit2.o(.ARM.Collect$$libinit$$00000030)
    __rt_lib_init_fp_trap_1                  0x0800035f   Thumb Code     0  libinit2.o(.ARM.Collect$$libinit$$0000001F)
    __rt_lib_init_getenv_1                   0x0800035f   Thumb Code     0  libinit2.o(.ARM.Collect$$libinit$$00000023)
    __rt_lib_init_lc_numeric_1               0x0800035f   Thumb Code     0  libinit2.o(.ARM.Collect$$libinit$$00000017)
    __rt_lib_init_lc_time_1                  0x0800035f   Thumb Code     0  libinit2.o(.ARM.Collect$$libinit$$00000019)
    __rt_lib_init_return                     0x0800035f   Thumb Code     0  libinit2.o(.ARM.Collect$$libinit$$00000033)
    __rt_lib_init_signal_1                   0x0800035f   Thumb Code     0  libinit2.o(.ARM.Collect$$libinit$$0000001D)
    __rt_lib_init_stdio_1                    0x0800035f   Thumb Code     0  libinit2.o(.ARM.Collect$$libinit$$00000025)
    __rt_lib_shutdown                        0x08000361   Thumb Code     0  libshutdown.o(.ARM.Collect$$libshutdown$$00000000)
    __rt_lib_shutdown_cpp_1                  0x08000363   Thumb Code     0  libshutdown2.o(.ARM.Collect$$libshutdown$$00000002)
    __rt_lib_shutdown_fp_trap_1              0x08000363   Thumb Code     0  libshutdown2.o(.ARM.Collect$$libshutdown$$00000007)
    __rt_lib_shutdown_heap_1                 0x08000363   Thumb Code     0  libshutdown2.o(.ARM.Collect$$libshutdown$$0000000F)
    __rt_lib_shutdown_return                 0x08000363   Thumb Code     0  libshutdown2.o(.ARM.Collect$$libshutdown$$00000010)
    __rt_lib_shutdown_signal_1               0x08000363   Thumb Code     0  libshutdown2.o(.ARM.Collect$$libshutdown$$0000000A)
    __rt_lib_shutdown_stdio_1                0x08000363   Thumb Code     0  libshutdown2.o(.ARM.Collect$$libshutdown$$00000004)
    __rt_lib_shutdown_user_alloc_1           0x08000363   Thumb Code     0  libshutdown2.o(.ARM.Collect$$libshutdown$$0000000C)
    __rt_entry                               0x08000365   Thumb Code     0  __rtentry.o(.ARM.Collect$$rtentry$$00000000)
    __rt_entry_presh_1                       0x08000365   Thumb Code     0  __rtentry2.o(.ARM.Collect$$rtentry$$00000002)
    __rt_entry_sh                            0x08000365   Thumb Code     0  __rtentry4.o(.ARM.Collect$$rtentry$$00000004)
    __rt_entry_li                            0x0800036b   Thumb Code     0  __rtentry2.o(.ARM.Collect$$rtentry$$0000000A)
    __rt_entry_postsh_1                      0x0800036b   Thumb Code     0  __rtentry2.o(.ARM.Collect$$rtentry$$00000009)
    __rt_entry_main                          0x0800036f   Thumb Code     0  __rtentry2.o(.ARM.Collect$$rtentry$$0000000D)
    __rt_entry_postli_1                      0x0800036f   Thumb Code     0  __rtentry2.o(.ARM.Collect$$rtentry$$0000000C)
    __rt_exit                                0x08000377   Thumb Code     0  rtexit.o(.ARM.Collect$$rtexit$$00000000)
    __rt_exit_ls                             0x08000379   Thumb Code     0  rtexit2.o(.ARM.Collect$$rtexit$$00000003)
    __rt_exit_prels_1                        0x08000379   Thumb Code     0  rtexit2.o(.ARM.Collect$$rtexit$$00000002)
    __rt_exit_exit                           0x0800037d   Thumb Code     0  rtexit2.o(.ARM.Collect$$rtexit$$00000004)
    Reset_Handler                            0x08000385   Thumb Code     8  startup_stm32u575xx.o(.text)
    SecureFault_Handler                      0x08000397   Thumb Code     2  startup_stm32u575xx.o(.text)
    ADC1_IRQHandler                          0x080003a1   Thumb Code     0  startup_stm32u575xx.o(.text)
    ADC4_IRQHandler                          0x080003a1   Thumb Code     0  startup_stm32u575xx.o(.text)
    ADF1_IRQHandler                          0x080003a1   Thumb Code     0  startup_stm32u575xx.o(.text)
    COMP_IRQHandler                          0x080003a1   Thumb Code     0  startup_stm32u575xx.o(.text)
    CORDIC_IRQHandler                        0x080003a1   Thumb Code     0  startup_stm32u575xx.o(.text)
    CRS_IRQHandler                           0x080003a1   Thumb Code     0  startup_stm32u575xx.o(.text)
    DAC1_IRQHandler                          0x080003a1   Thumb Code     0  startup_stm32u575xx.o(.text)
    DCACHE1_IRQHandler                       0x080003a1   Thumb Code     0  startup_stm32u575xx.o(.text)
    DCMI_PSSI_IRQHandler                     0x080003a1   Thumb Code     0  startup_stm32u575xx.o(.text)
    DMA2D_IRQHandler                         0x080003a1   Thumb Code     0  startup_stm32u575xx.o(.text)
    EXTI0_IRQHandler                         0x080003a1   Thumb Code     0  startup_stm32u575xx.o(.text)
    EXTI10_IRQHandler                        0x080003a1   Thumb Code     0  startup_stm32u575xx.o(.text)
    EXTI11_IRQHandler                        0x080003a1   Thumb Code     0  startup_stm32u575xx.o(.text)
    EXTI12_IRQHandler                        0x080003a1   Thumb Code     0  startup_stm32u575xx.o(.text)
    EXTI13_IRQHandler                        0x080003a1   Thumb Code     0  startup_stm32u575xx.o(.text)
    EXTI14_IRQHandler                        0x080003a1   Thumb Code     0  startup_stm32u575xx.o(.text)
    EXTI15_IRQHandler                        0x080003a1   Thumb Code     0  startup_stm32u575xx.o(.text)
    EXTI1_IRQHandler                         0x080003a1   Thumb Code     0  startup_stm32u575xx.o(.text)
    EXTI2_IRQHandler                         0x080003a1   Thumb Code     0  startup_stm32u575xx.o(.text)
    EXTI3_IRQHandler                         0x080003a1   Thumb Code     0  startup_stm32u575xx.o(.text)
    EXTI4_IRQHandler                         0x080003a1   Thumb Code     0  startup_stm32u575xx.o(.text)
    EXTI5_IRQHandler                         0x080003a1   Thumb Code     0  startup_stm32u575xx.o(.text)
    EXTI6_IRQHandler                         0x080003a1   Thumb Code     0  startup_stm32u575xx.o(.text)
    EXTI7_IRQHandler                         0x080003a1   Thumb Code     0  startup_stm32u575xx.o(.text)
    EXTI8_IRQHandler                         0x080003a1   Thumb Code     0  startup_stm32u575xx.o(.text)
    EXTI9_IRQHandler                         0x080003a1   Thumb Code     0  startup_stm32u575xx.o(.text)
    FDCAN1_IT0_IRQHandler                    0x080003a1   Thumb Code     0  startup_stm32u575xx.o(.text)
    FDCAN1_IT1_IRQHandler                    0x080003a1   Thumb Code     0  startup_stm32u575xx.o(.text)
    FLASH_IRQHandler                         0x080003a1   Thumb Code     0  startup_stm32u575xx.o(.text)
    FLASH_S_IRQHandler                       0x080003a1   Thumb Code     0  startup_stm32u575xx.o(.text)
    FMAC_IRQHandler                          0x080003a1   Thumb Code     0  startup_stm32u575xx.o(.text)
    FMC_IRQHandler                           0x080003a1   Thumb Code     0  startup_stm32u575xx.o(.text)
    FPU_IRQHandler                           0x080003a1   Thumb Code     0  startup_stm32u575xx.o(.text)
    GPDMA1_Channel0_IRQHandler               0x080003a1   Thumb Code     0  startup_stm32u575xx.o(.text)
    GPDMA1_Channel10_IRQHandler              0x080003a1   Thumb Code     0  startup_stm32u575xx.o(.text)
    GPDMA1_Channel11_IRQHandler              0x080003a1   Thumb Code     0  startup_stm32u575xx.o(.text)
    GPDMA1_Channel12_IRQHandler              0x080003a1   Thumb Code     0  startup_stm32u575xx.o(.text)
    GPDMA1_Channel13_IRQHandler              0x080003a1   Thumb Code     0  startup_stm32u575xx.o(.text)
    GPDMA1_Channel14_IRQHandler              0x080003a1   Thumb Code     0  startup_stm32u575xx.o(.text)
    GPDMA1_Channel15_IRQHandler              0x080003a1   Thumb Code     0  startup_stm32u575xx.o(.text)
    GPDMA1_Channel1_IRQHandler               0x080003a1   Thumb Code     0  startup_stm32u575xx.o(.text)
    GPDMA1_Channel2_IRQHandler               0x080003a1   Thumb Code     0  startup_stm32u575xx.o(.text)
    GPDMA1_Channel3_IRQHandler               0x080003a1   Thumb Code     0  startup_stm32u575xx.o(.text)
    GPDMA1_Channel4_IRQHandler               0x080003a1   Thumb Code     0  startup_stm32u575xx.o(.text)
    GPDMA1_Channel5_IRQHandler               0x080003a1   Thumb Code     0  startup_stm32u575xx.o(.text)
    GPDMA1_Channel6_IRQHandler               0x080003a1   Thumb Code     0  startup_stm32u575xx.o(.text)
    GPDMA1_Channel7_IRQHandler               0x080003a1   Thumb Code     0  startup_stm32u575xx.o(.text)
    GPDMA1_Channel8_IRQHandler               0x080003a1   Thumb Code     0  startup_stm32u575xx.o(.text)
    GPDMA1_Channel9_IRQHandler               0x080003a1   Thumb Code     0  startup_stm32u575xx.o(.text)
    GTZC_IRQHandler                          0x080003a1   Thumb Code     0  startup_stm32u575xx.o(.text)
    HASH_IRQHandler                          0x080003a1   Thumb Code     0  startup_stm32u575xx.o(.text)
    I2C1_ER_IRQHandler                       0x080003a1   Thumb Code     0  startup_stm32u575xx.o(.text)
    I2C1_EV_IRQHandler                       0x080003a1   Thumb Code     0  startup_stm32u575xx.o(.text)
    I2C2_ER_IRQHandler                       0x080003a1   Thumb Code     0  startup_stm32u575xx.o(.text)
    I2C2_EV_IRQHandler                       0x080003a1   Thumb Code     0  startup_stm32u575xx.o(.text)
    I2C3_ER_IRQHandler                       0x080003a1   Thumb Code     0  startup_stm32u575xx.o(.text)
    I2C3_EV_IRQHandler                       0x080003a1   Thumb Code     0  startup_stm32u575xx.o(.text)
    I2C4_ER_IRQHandler                       0x080003a1   Thumb Code     0  startup_stm32u575xx.o(.text)
    I2C4_EV_IRQHandler                       0x080003a1   Thumb Code     0  startup_stm32u575xx.o(.text)
    ICACHE_IRQHandler                        0x080003a1   Thumb Code     0  startup_stm32u575xx.o(.text)
    IWDG_IRQHandler                          0x080003a1   Thumb Code     0  startup_stm32u575xx.o(.text)
    LPDMA1_Channel0_IRQHandler               0x080003a1   Thumb Code     0  startup_stm32u575xx.o(.text)
    LPDMA1_Channel1_IRQHandler               0x080003a1   Thumb Code     0  startup_stm32u575xx.o(.text)
    LPDMA1_Channel2_IRQHandler               0x080003a1   Thumb Code     0  startup_stm32u575xx.o(.text)
    LPDMA1_Channel3_IRQHandler               0x080003a1   Thumb Code     0  startup_stm32u575xx.o(.text)
    LPTIM1_IRQHandler                        0x080003a1   Thumb Code     0  startup_stm32u575xx.o(.text)
    LPTIM2_IRQHandler                        0x080003a1   Thumb Code     0  startup_stm32u575xx.o(.text)
    LPTIM3_IRQHandler                        0x080003a1   Thumb Code     0  startup_stm32u575xx.o(.text)
    LPTIM4_IRQHandler                        0x080003a1   Thumb Code     0  startup_stm32u575xx.o(.text)
    LPUART1_IRQHandler                       0x080003a1   Thumb Code     0  startup_stm32u575xx.o(.text)
    LSECSSD_IRQHandler                       0x080003a1   Thumb Code     0  startup_stm32u575xx.o(.text)
    MDF1_FLT0_IRQHandler                     0x080003a1   Thumb Code     0  startup_stm32u575xx.o(.text)
    MDF1_FLT1_IRQHandler                     0x080003a1   Thumb Code     0  startup_stm32u575xx.o(.text)
    MDF1_FLT2_IRQHandler                     0x080003a1   Thumb Code     0  startup_stm32u575xx.o(.text)
    MDF1_FLT3_IRQHandler                     0x080003a1   Thumb Code     0  startup_stm32u575xx.o(.text)
    MDF1_FLT4_IRQHandler                     0x080003a1   Thumb Code     0  startup_stm32u575xx.o(.text)
    MDF1_FLT5_IRQHandler                     0x080003a1   Thumb Code     0  startup_stm32u575xx.o(.text)
    OCTOSPI1_IRQHandler                      0x080003a1   Thumb Code     0  startup_stm32u575xx.o(.text)
    OCTOSPI2_IRQHandler                      0x080003a1   Thumb Code     0  startup_stm32u575xx.o(.text)
    OTG_FS_IRQHandler                        0x080003a1   Thumb Code     0  startup_stm32u575xx.o(.text)
    PVD_PVM_IRQHandler                       0x080003a1   Thumb Code     0  startup_stm32u575xx.o(.text)
    PWR_S3WU_IRQHandler                      0x080003a1   Thumb Code     0  startup_stm32u575xx.o(.text)
    RAMCFG_IRQHandler                        0x080003a1   Thumb Code     0  startup_stm32u575xx.o(.text)
    RCC_IRQHandler                           0x080003a1   Thumb Code     0  startup_stm32u575xx.o(.text)
    RCC_S_IRQHandler                         0x080003a1   Thumb Code     0  startup_stm32u575xx.o(.text)
    RNG_IRQHandler                           0x080003a1   Thumb Code     0  startup_stm32u575xx.o(.text)
    RTC_IRQHandler                           0x080003a1   Thumb Code     0  startup_stm32u575xx.o(.text)
    RTC_S_IRQHandler                         0x080003a1   Thumb Code     0  startup_stm32u575xx.o(.text)
    SAI1_IRQHandler                          0x080003a1   Thumb Code     0  startup_stm32u575xx.o(.text)
    SAI2_IRQHandler                          0x080003a1   Thumb Code     0  startup_stm32u575xx.o(.text)
    SDMMC1_IRQHandler                        0x080003a1   Thumb Code     0  startup_stm32u575xx.o(.text)
    SDMMC2_IRQHandler                        0x080003a1   Thumb Code     0  startup_stm32u575xx.o(.text)
    SPI1_IRQHandler                          0x080003a1   Thumb Code     0  startup_stm32u575xx.o(.text)
    SPI2_IRQHandler                          0x080003a1   Thumb Code     0  startup_stm32u575xx.o(.text)
    SPI3_IRQHandler                          0x080003a1   Thumb Code     0  startup_stm32u575xx.o(.text)
    TAMP_IRQHandler                          0x080003a1   Thumb Code     0  startup_stm32u575xx.o(.text)
    TIM15_IRQHandler                         0x080003a1   Thumb Code     0  startup_stm32u575xx.o(.text)
    TIM16_IRQHandler                         0x080003a1   Thumb Code     0  startup_stm32u575xx.o(.text)
    TIM17_IRQHandler                         0x080003a1   Thumb Code     0  startup_stm32u575xx.o(.text)
    TIM1_BRK_IRQHandler                      0x080003a1   Thumb Code     0  startup_stm32u575xx.o(.text)
    TIM1_CC_IRQHandler                       0x080003a1   Thumb Code     0  startup_stm32u575xx.o(.text)
    TIM1_TRG_COM_IRQHandler                  0x080003a1   Thumb Code     0  startup_stm32u575xx.o(.text)
    TIM1_UP_IRQHandler                       0x080003a1   Thumb Code     0  startup_stm32u575xx.o(.text)
    TIM2_IRQHandler                          0x080003a1   Thumb Code     0  startup_stm32u575xx.o(.text)
    TIM3_IRQHandler                          0x080003a1   Thumb Code     0  startup_stm32u575xx.o(.text)
    TIM4_IRQHandler                          0x080003a1   Thumb Code     0  startup_stm32u575xx.o(.text)
    TIM5_IRQHandler                          0x080003a1   Thumb Code     0  startup_stm32u575xx.o(.text)
    TIM6_IRQHandler                          0x080003a1   Thumb Code     0  startup_stm32u575xx.o(.text)
    TIM7_IRQHandler                          0x080003a1   Thumb Code     0  startup_stm32u575xx.o(.text)
    TIM8_BRK_IRQHandler                      0x080003a1   Thumb Code     0  startup_stm32u575xx.o(.text)
    TIM8_CC_IRQHandler                       0x080003a1   Thumb Code     0  startup_stm32u575xx.o(.text)
    TIM8_TRG_COM_IRQHandler                  0x080003a1   Thumb Code     0  startup_stm32u575xx.o(.text)
    TIM8_UP_IRQHandler                       0x080003a1   Thumb Code     0  startup_stm32u575xx.o(.text)
    TSC_IRQHandler                           0x080003a1   Thumb Code     0  startup_stm32u575xx.o(.text)
    UART4_IRQHandler                         0x080003a1   Thumb Code     0  startup_stm32u575xx.o(.text)
    UCPD1_IRQHandler                         0x080003a1   Thumb Code     0  startup_stm32u575xx.o(.text)
    USART1_IRQHandler                        0x080003a1   Thumb Code     0  startup_stm32u575xx.o(.text)
    USART2_IRQHandler                        0x080003a1   Thumb Code     0  startup_stm32u575xx.o(.text)
    USART3_IRQHandler                        0x080003a1   Thumb Code     0  startup_stm32u575xx.o(.text)
    WWDG_IRQHandler                          0x080003a1   Thumb Code     0  startup_stm32u575xx.o(.text)
    __user_initial_stackheap                 0x080003a5   Thumb Code    10  startup_stm32u575xx.o(.text)
    __aeabi_uldivmod                         0x080003c9   Thumb Code     0  lludivv7m.o(.text)
    _ll_udiv                                 0x080003c9   Thumb Code   240  lludivv7m.o(.text)
    vsprintf                                 0x080004b9   Thumb Code    32  vsprintf.o(.text)
    __2sprintf                               0x080004dd   Thumb Code    38  __2sprintf.o(.text)
    _printf_int_dec                          0x08000509   Thumb Code   104  _printf_dec.o(.text)
    __printf                                 0x08000581   Thumb Code   388  __printf_flags_ss_wp.o(.text)
    strstr                                   0x08000709   Thumb Code    36  strstr.o(.text)
    strlen                                   0x0800072d   Thumb Code    62  strlen.o(.text)
    __aeabi_memclr                           0x0800076b   Thumb Code     0  rt_memclr.o(.text)
    __rt_memclr                              0x0800076b   Thumb Code     0  rt_memclr.o(.text)
    _memset                                  0x0800076f   Thumb Code    64  rt_memclr.o(.text)
    __aeabi_memclr4                          0x080007af   Thumb Code     0  rt_memclr_w.o(.text)
    __aeabi_memclr8                          0x080007af   Thumb Code     0  rt_memclr_w.o(.text)
    __rt_memclr_w                            0x080007af   Thumb Code     0  rt_memclr_w.o(.text)
    _memset_w                                0x080007b3   Thumb Code    74  rt_memclr_w.o(.text)
    __use_two_region_memory                  0x080007fd   Thumb Code     2  heapauxi.o(.text)
    __rt_heap_escrow$2region                 0x080007ff   Thumb Code     2  heapauxi.o(.text)
    __rt_heap_expand$2region                 0x08000801   Thumb Code     2  heapauxi.o(.text)
    _printf_pre_padding                      0x08000803   Thumb Code    44  _printf_pad.o(.text)
    _printf_post_padding                     0x0800082f   Thumb Code    34  _printf_pad.o(.text)
    _printf_truncate_signed                  0x08000851   Thumb Code    18  _printf_truncate.o(.text)
    _printf_truncate_unsigned                0x08000863   Thumb Code    18  _printf_truncate.o(.text)
    _printf_str                              0x08000875   Thumb Code    82  _printf_str.o(.text)
    _printf_int_common                       0x080008c7   Thumb Code   178  _printf_intcommon.o(.text)
    _printf_charcount                        0x08000979   Thumb Code    40  _printf_charcount.o(.text)
    _printf_fp_dec_real                      0x08000b51   Thumb Code   620  _printf_fp_dec.o(.text)
    _printf_char_common                      0x08000dc7   Thumb Code    32  _printf_char_common.o(.text)
    _sputc                                   0x08000ded   Thumb Code    10  _sputc.o(.text)
    _printf_wctomb                           0x08000df9   Thumb Code   182  _printf_wctomb.o(.text)
    _printf_longlong_dec                     0x08000eb5   Thumb Code   108  _printf_longlong_dec.o(.text)
    _printf_longlong_oct                     0x08000f31   Thumb Code    68  _printf_oct_int_ll.o(.text)
    _printf_int_oct                          0x08000f75   Thumb Code    24  _printf_oct_int_ll.o(.text)
    _printf_ll_oct                           0x08000f8d   Thumb Code    12  _printf_oct_int_ll.o(.text)
    _printf_longlong_hex                     0x08000fa1   Thumb Code    86  _printf_hex_int_ll_ptr.o(.text)
    _printf_int_hex                          0x08000ff7   Thumb Code    28  _printf_hex_int_ll_ptr.o(.text)
    _printf_ll_hex                           0x08001013   Thumb Code    12  _printf_hex_int_ll_ptr.o(.text)
    _printf_hex_ptr                          0x0800101f   Thumb Code    18  _printf_hex_int_ll_ptr.o(.text)
    __rt_locale                              0x08001035   Thumb Code     8  rt_locale_intlibspace.o(.text)
    _ll_udiv10                               0x0800103d   Thumb Code   138  lludiv10.o(.text)
    _printf_fp_hex_real                      0x080010c9   Thumb Code   756  _printf_fp_hex.o(.text)
    _printf_fp_infnan                        0x080013c5   Thumb Code   112  _printf_fp_infnan.o(.text)
    _printf_cs_common                        0x08001445   Thumb Code    20  _printf_char.o(.text)
    _printf_char                             0x08001459   Thumb Code    16  _printf_char.o(.text)
    _printf_string                           0x08001469   Thumb Code     8  _printf_char.o(.text)
    _printf_lcs_common                       0x08001471   Thumb Code    20  _printf_wchar.o(.text)
    _printf_wchar                            0x08001485   Thumb Code    16  _printf_wchar.o(.text)
    _printf_wstring                          0x08001495   Thumb Code     8  _printf_wchar.o(.text)
    _btod_etento                             0x0800149d   Thumb Code   224  bigflt0.o(.text)
    _c16rtomb                                0x08001581   Thumb Code    72  _c16rtomb.o(.text)
    _wcrtomb                                 0x08001581   Thumb Code     0  _c16rtomb.o(.text)
    __user_libspace                          0x080015c9   Thumb Code     8  libspace.o(.text)
    __user_perproc_libspace                  0x080015c9   Thumb Code     0  libspace.o(.text)
    __user_perthread_libspace                0x080015c9   Thumb Code     0  libspace.o(.text)
    __user_setup_stackheap                   0x080015d1   Thumb Code    74  sys_stackheap_outer.o(.text)
    __rt_ctype_table                         0x0800161d   Thumb Code    16  rt_ctype_table.o(.text)
    exit                                     0x0800162d   Thumb Code    18  exit.o(.text)
    strcmp                                   0x08001641   Thumb Code   124  strcmpv8m_maindsp.o(.text)
    _sys_exit                                0x080016bd   Thumb Code     8  sys_exit.o(.text)
    __I$use$semihosting                      0x080016c9   Thumb Code     0  use_no_semi.o(.text)
    __use_no_semihosting_swi                 0x080016c9   Thumb Code     2  use_no_semi.o(.text)
    __semihosting_library_function           0x080016cb   Thumb Code     0  indicate_semi.o(.text)
    BSP_SHT20_GetData                        0x080016cd   Thumb Code   232  bsp_sht20.o(.text.BSP_SHT20_GetData)
    BusFault_Handler                         0x080017b5   Thumb Code     2  stm32u5xx_it.o(.text.BusFault_Handler)
    DebugMon_Handler                         0x080017b9   Thumb Code     2  stm32u5xx_it.o(.text.DebugMon_Handler)
    Error_Handler                            0x080017bd   Thumb Code    10  main.o(.text.Error_Handler)
    HAL_DMA_Abort                            0x080017c9   Thumb Code   174  stm32u5xx_hal_dma.o(.text.HAL_DMA_Abort)
    HAL_DMA_Abort_IT                         0x08001879   Thumb Code    48  stm32u5xx_hal_dma.o(.text.HAL_DMA_Abort_IT)
    HAL_Delay                                0x080018a9   Thumb Code    40  stm32u5xx_hal.o(.text.HAL_Delay)
    HAL_GPIO_Init                            0x080018d1   Thumb Code   538  stm32u5xx_hal_gpio.o(.text.HAL_GPIO_Init)
    HAL_GPIO_WritePin                        0x08001aed   Thumb Code    12  stm32u5xx_hal_gpio.o(.text.HAL_GPIO_WritePin)
    HAL_GetTick                              0x08001af9   Thumb Code    12  stm32u5xx_hal.o(.text.HAL_GetTick)
    HAL_I2CEx_ConfigAnalogFilter             0x08001b05   Thumb Code    74  stm32u5xx_hal_i2c_ex.o(.text.HAL_I2CEx_ConfigAnalogFilter)
    HAL_I2CEx_ConfigDigitalFilter            0x08001b51   Thumb Code    72  stm32u5xx_hal_i2c_ex.o(.text.HAL_I2CEx_ConfigDigitalFilter)
    HAL_I2C_Init                             0x08001b99   Thumb Code   160  stm32u5xx_hal_i2c.o(.text.HAL_I2C_Init)
    HAL_I2C_Master_Receive                   0x08001c39   Thumb Code   424  stm32u5xx_hal_i2c.o(.text.HAL_I2C_Master_Receive)
    HAL_I2C_Master_Transmit                  0x08001de1   Thumb Code   420  stm32u5xx_hal_i2c.o(.text.HAL_I2C_Master_Transmit)
    HAL_I2C_MspInit                          0x08001f85   Thumb Code   150  i2c.o(.text.HAL_I2C_MspInit)
    HAL_ICACHE_ConfigAssociativityMode       0x0800201d   Thumb Code    32  stm32u5xx_hal_icache.o(.text.HAL_ICACHE_ConfigAssociativityMode)
    HAL_ICACHE_Enable                        0x0800203d   Thumb Code    20  stm32u5xx_hal_icache.o(.text.HAL_ICACHE_Enable)
    HAL_IncTick                              0x08002051   Thumb Code    26  stm32u5xx_hal.o(.text.HAL_IncTick)
    HAL_Init                                 0x0800206d   Thumb Code    86  stm32u5xx_hal.o(.text.HAL_Init)
    HAL_InitTick                             0x080020c5   Thumb Code    78  stm32u5xx_hal.o(.text.HAL_InitTick)
    HAL_MspInit                              0x08002115   Thumb Code    32  stm32u5xx_hal_msp.o(.text.HAL_MspInit)
    HAL_NVIC_EnableIRQ                       0x08002135   Thumb Code    32  stm32u5xx_hal_cortex.o(.text.HAL_NVIC_EnableIRQ)
    HAL_NVIC_SetPriority                     0x08002155   Thumb Code    86  stm32u5xx_hal_cortex.o(.text.HAL_NVIC_SetPriority)
    HAL_NVIC_SetPriorityGrouping             0x080021ad   Thumb Code    32  stm32u5xx_hal_cortex.o(.text.HAL_NVIC_SetPriorityGrouping)
    HAL_PWREx_ControlVoltageScaling          0x080021cd   Thumb Code   302  stm32u5xx_hal_pwr_ex.o(.text.HAL_PWREx_ControlVoltageScaling)
    HAL_PWREx_DisableUCPDDeadBattery         0x080022fd   Thumb Code    18  stm32u5xx_hal_pwr_ex.o(.text.HAL_PWREx_DisableUCPDDeadBattery)
    HAL_PWREx_GetVoltageRange                0x08002311   Thumb Code    16  stm32u5xx_hal_pwr_ex.o(.text.HAL_PWREx_GetVoltageRange)
    HAL_RCCEx_GetPLL1ClockFreq               0x08002321   Thumb Code   408  stm32u5xx_hal_rcc_ex.o(.text.HAL_RCCEx_GetPLL1ClockFreq)
    HAL_RCCEx_GetPLL2ClockFreq               0x080024b9   Thumb Code   408  stm32u5xx_hal_rcc_ex.o(.text.HAL_RCCEx_GetPLL2ClockFreq)
    HAL_RCCEx_GetPLL3ClockFreq               0x08002651   Thumb Code   408  stm32u5xx_hal_rcc_ex.o(.text.HAL_RCCEx_GetPLL3ClockFreq)
    HAL_RCCEx_GetPeriphCLKFreq               0x080027e9   Thumb Code  2702  stm32u5xx_hal_rcc_ex.o(.text.HAL_RCCEx_GetPeriphCLKFreq)
    HAL_RCCEx_PeriphCLKConfig                0x08003279   Thumb Code  1622  stm32u5xx_hal_rcc_ex.o(.text.HAL_RCCEx_PeriphCLKConfig)
    HAL_RCC_ClockConfig                      0x080038d1   Thumb Code   766  stm32u5xx_hal_rcc.o(.text.HAL_RCC_ClockConfig)
    HAL_RCC_GetHCLKFreq                      0x08003bd1   Thumb Code    44  stm32u5xx_hal_rcc.o(.text.HAL_RCC_GetHCLKFreq)
    HAL_RCC_GetPCLK1Freq                     0x08003bfd   Thumb Code    62  stm32u5xx_hal_rcc.o(.text.HAL_RCC_GetPCLK1Freq)
    HAL_RCC_GetPCLK2Freq                     0x08003c3d   Thumb Code    62  stm32u5xx_hal_rcc.o(.text.HAL_RCC_GetPCLK2Freq)
    HAL_RCC_GetPCLK3Freq                     0x08003c7d   Thumb Code    62  stm32u5xx_hal_rcc.o(.text.HAL_RCC_GetPCLK3Freq)
    HAL_RCC_GetSysClockFreq                  0x08003cbd   Thumb Code   272  stm32u5xx_hal_rcc.o(.text.HAL_RCC_GetSysClockFreq)
    HAL_RCC_OscConfig                        0x08003dcd   Thumb Code  2956  stm32u5xx_hal_rcc.o(.text.HAL_RCC_OscConfig)
    HAL_SYSTICK_Config                       0x08004959   Thumb Code    44  stm32u5xx_hal_cortex.o(.text.HAL_SYSTICK_Config)
    HAL_UARTEx_DisableFifoMode               0x08004985   Thumb Code    54  stm32u5xx_hal_uart_ex.o(.text.HAL_UARTEx_DisableFifoMode)
    HAL_UARTEx_RxEventCallback               0x080049bd   Thumb Code     2  stm32u5xx_hal_uart.o(.text.HAL_UARTEx_RxEventCallback)
    HAL_UARTEx_RxFifoFullCallback            0x080049c1   Thumb Code     2  stm32u5xx_hal_uart_ex.o(.text.HAL_UARTEx_RxFifoFullCallback)
    HAL_UARTEx_SetRxFifoThreshold            0x080049c5   Thumb Code   140  stm32u5xx_hal_uart_ex.o(.text.HAL_UARTEx_SetRxFifoThreshold)
    HAL_UARTEx_SetTxFifoThreshold            0x08004a51   Thumb Code   140  stm32u5xx_hal_uart_ex.o(.text.HAL_UARTEx_SetTxFifoThreshold)
    HAL_UARTEx_TxFifoEmptyCallback           0x08004add   Thumb Code     2  stm32u5xx_hal_uart_ex.o(.text.HAL_UARTEx_TxFifoEmptyCallback)
    HAL_UART_ErrorCallback                   0x08004ae1   Thumb Code     2  stm32u5xx_hal_uart.o(.text.HAL_UART_ErrorCallback)
    HAL_UART_IRQHandler                      0x08004ae5   Thumb Code  1420  stm32u5xx_hal_uart.o(.text.HAL_UART_IRQHandler)
    HAL_UART_Init                            0x08005071   Thumb Code   104  stm32u5xx_hal_uart.o(.text.HAL_UART_Init)
    HAL_UART_MspInit                         0x080050d9   Thumb Code   328  usart.o(.text.HAL_UART_MspInit)
    HAL_UART_Receive_IT                      0x08005221   Thumb Code   198  stm32u5xx_hal_uart.o(.text.HAL_UART_Receive_IT)
    HAL_UART_RxCpltCallback                  0x080052e9   Thumb Code     2  stm32u5xx_hal_uart.o(.text.HAL_UART_RxCpltCallback)
    HAL_UART_TxCpltCallback                  0x080052ed   Thumb Code     2  stm32u5xx_hal_uart.o(.text.HAL_UART_TxCpltCallback)
    HardFault_Handler                        0x080052f1   Thumb Code     2  stm32u5xx_it.o(.text.HardFault_Handler)
    MX_GPIO_Init                             0x0800575d   Thumb Code   130  gpio.o(.text.MX_GPIO_Init)
    MX_I2C1_Init                             0x080057e1   Thumb Code   108  i2c.o(.text.MX_I2C1_Init)
    MX_ICACHE_Init                           0x0800584d   Thumb Code    34  icache.o(.text.MX_ICACHE_Init)
    MX_UART5_Init                            0x08005871   Thumb Code   132  usart.o(.text.MX_UART5_Init)
    MX_USART1_UART_Init                      0x080058f5   Thumb Code   132  usart.o(.text.MX_USART1_UART_Init)
    MemManage_Handler                        0x08005979   Thumb Code     2  stm32u5xx_it.o(.text.MemManage_Handler)
    NMI_Handler                              0x0800597d   Thumb Code     2  stm32u5xx_it.o(.text.NMI_Handler)
    PendSV_Handler                           0x08005981   Thumb Code     2  stm32u5xx_it.o(.text.PendSV_Handler)
    SVC_Handler                              0x08005b75   Thumb Code     2  stm32u5xx_it.o(.text.SVC_Handler)
    SysTick_Handler                          0x08005b79   Thumb Code     4  stm32u5xx_it.o(.text.SysTick_Handler)
    SystemInit                               0x08005b7d   Thumb Code    76  system_stm32u5xx.o(.text.SystemInit)
    TCP_send                                 0x08005bc9   Thumb Code    16  tcp_wifi.o(.text.TCP_send)
    UART5_IRQHandler                         0x08005bdd   Thumb Code    62  stm32u5xx_it.o(.text.UART5_IRQHandler)
    UART_AdvFeatureConfig                    0x08005c1d   Thumb Code   232  stm32u5xx_hal_uart.o(.text.UART_AdvFeatureConfig)
    UART_CheckIdleState                      0x08005d05   Thumb Code   366  stm32u5xx_hal_uart.o(.text.UART_CheckIdleState)
    UART_SetConfig                           0x08006891   Thumb Code   538  stm32u5xx_hal_uart.o(.text.UART_SetConfig)
    UART_Start_Receive_IT                    0x08006aad   Thumb Code   610  stm32u5xx_hal_uart.o(.text.UART_Start_Receive_IT)
    UART_WaitOnFlagUntilTimeout              0x08006d11   Thumb Code   736  stm32u5xx_hal_uart.o(.text.UART_WaitOnFlagUntilTimeout)
    UsageFault_Handler                       0x08006ff1   Thumb Code     2  stm32u5xx_it.o(.text.UsageFault_Handler)
    main                                     0x08006ff5   Thumb Code   612  main.o(.text.main)
    u1_printf                                0x080072fd   Thumb Code   340  usart.o(.text.u1_printf)
    u5_printf                                0x08007451   Thumb Code   340  usart.o(.text.u5_printf)
    wifi_config                              0x080075a5   Thumb Code    96  tcp_wifi.o(.text.wifi_config)
    wifi_connecTCP                           0x0800760d   Thumb Code   100  tcp_wifi.o(.text.wifi_connecTCP)
    wifi_connect                             0x080076a5   Thumb Code   120  tcp_wifi.o(.text.wifi_connect)
    _btod_d2e                                0x0800774d   Thumb Code    62  btod.o(CL$$btod_d2e)
    _d2e_denorm_low                          0x0800778b   Thumb Code    70  btod.o(CL$$btod_d2e_denorm_low)
    _d2e_norm_op1                            0x080077d1   Thumb Code    96  btod.o(CL$$btod_d2e_norm_op1)
    __btod_div_common                        0x08007831   Thumb Code   696  btod.o(CL$$btod_div_common)
    _e2e                                     0x08007b69   Thumb Code   220  btod.o(CL$$btod_e2e)
    _btod_ediv                               0x08007c45   Thumb Code    42  btod.o(CL$$btod_ediv)
    _btod_emul                               0x08007c6f   Thumb Code    42  btod.o(CL$$btod_emul)
    __btod_mult_common                       0x08007c99   Thumb Code   580  btod.o(CL$$btod_mult_common)
    __ARM_fpclassify                         0x08007edd   Thumb Code    48  fpclassify.o(i.__ARM_fpclassify)
    _is_digit                                0x08007f0d   Thumb Code    14  __printf_wp.o(i._is_digit)
    _get_lc_numeric                          0x08007f1d   Thumb Code    44  lc_numeric_c.o(locale$$code)
    _get_lc_ctype                            0x08007f49   Thumb Code    44  lc_ctype_c.o(locale$$code)
    __fpl_dretinf                            0x08007f75   Thumb Code    12  dretinf.o(x$fpl$dretinf)
    __aeabi_f2d                              0x08007f81   Thumb Code     0  f2d.o(x$fpl$f2d)
    _f2d                                     0x08007f81   Thumb Code    86  f2d.o(x$fpl$f2d)
    __fpl_fnaninf                            0x08007fd7   Thumb Code   140  fnaninf.o(x$fpl$fnaninf)
    _fp_init                                 0x08008063   Thumb Code    26  fpinit.o(x$fpl$fpinit)
    __fplib_config_fpu_vfp                   0x0800807b   Thumb Code     0  fpinit.o(x$fpl$fpinit)
    __fplib_config_pureend_doubles           0x0800807b   Thumb Code     0  fpinit.o(x$fpl$fpinit)
    _printf_fp_dec                           0x0800807d   Thumb Code     4  printf1.o(x$fpl$printf1)
    _printf_fp_hex                           0x08008081   Thumb Code     4  printf2.o(x$fpl$printf2)
    __I$use$fp                               0x08008084   Number         0  usenofp.o(x$fpl$usenofp)
    AHBPrescTable                            0x08008184   Data          16  system_stm32u5xx.o(.rodata.AHBPrescTable)
    APBPrescTable                            0x08008194   Data           8  system_stm32u5xx.o(.rodata.APBPrescTable)
    MSIRangeTable                            0x0800821c   Data          64  system_stm32u5xx.o(.rodata.MSIRangeTable)
    UARTPrescTable                           0x0800825c   Data          24  stm32u5xx_hal_uart.o(.rodata.UARTPrescTable)
    Region$$Table$$Base                      0x080082e4   Number         0  anon$$obj.o(Region$$Table)
    Region$$Table$$Limit                     0x08008304   Number         0  anon$$obj.o(Region$$Table)
    __ctype                                  0x0800832d   Data           0  lc_ctype_c.o(locale$$data)
    uwTickFreq                               0x20000000   Data           1  stm32u5xx_hal.o(.data..L_MergedGlobals)
    uwTickPrio                               0x20000004   Data           4  stm32u5xx_hal.o(.data..L_MergedGlobals)
    SystemCoreClock                          0x20000008   Data           4  system_stm32u5xx.o(.data.SystemCoreClock)
    is_work                                  0x2000000c   Data           4  main.o(.data.is_work)
    __libspace_start                         0x20000010   Data          96  libspace.o(.bss)
    RecvBuf                                  0x20000070   Data        2048  main.o(.bss.RecvBuf)
    __temporary_stack_top$libspace           0x20000070   Data           0  libspace.o(.bss)
    USART_TxBuff                             0x20000870   Data        1024  usart.o(.bss.USART_TxBuff)
    flag                                     0x20000c70   Data           4  main.o(.bss.flag)
    gTemRH_Val                               0x20000c74   Data           8  bsp_sht20.o(.bss.gTemRH_Val)
    hi2c1                                    0x20000c7c   Data          84  i2c.o(.bss.hi2c1)
    huart1                                   0x20000cd0   Data         148  usart.o(.bss.huart1)
    huart5                                   0x20000d64   Data         148  usart.o(.bss.huart5)
    uwTick                                   0x20000df8   Data           4  stm32u5xx_hal.o(.bss.uwTick)



==============================================================================

Memory Map of the image

  Image Entry point : 0x08000239

  Load Region LR_IROM1 (Base: 0x08000000, Size: 0x00008440, Max: 0x00200000, ABSOLUTE)

    Execution Region ER_IROM1 (Exec base: 0x08000000, Load base: 0x08000000, Size: 0x00008430, Max: 0x00200000, ABSOLUTE)

    Exec Addr    Load Addr    Size         Type   Attr      Idx    E Section Name        Object

    0x08000000   0x08000000   0x00000238   Data   RO            3    RESET               startup_stm32u575xx.o
    0x08000238   0x08000238   0x00000008   Code   RO         1303  * !!!main             c_w.l(__main.o)
    0x08000240   0x08000240   0x00000034   Code   RO         1627    !!!scatter          c_w.l(__scatter.o)
    0x08000274   0x08000274   0x0000001a   Code   RO         1629    !!handler_copy      c_w.l(__scatter_copy.o)
    0x0800028e   0x0800028e   0x00000002   PAD
    0x08000290   0x08000290   0x0000001c   Code   RO         1631    !!handler_zi        c_w.l(__scatter_zi.o)
    0x080002ac   0x080002ac   0x00000000   Code   RO         1292    .ARM.Collect$$_printf_percent$$00000000  c_w.l(_printf_percent.o)
    0x080002ac   0x080002ac   0x00000006   Code   RO         1366    .ARM.Collect$$_printf_percent$$00000001  c_w.l(_printf_n.o)
    0x080002b2   0x080002b2   0x00000006   Code   RO         1368    .ARM.Collect$$_printf_percent$$00000002  c_w.l(_printf_p.o)
    0x080002b8   0x080002b8   0x00000006   Code   RO         1291    .ARM.Collect$$_printf_percent$$00000003  c_w.l(_printf_f.o)
    0x080002be   0x080002be   0x00000006   Code   RO         1372    .ARM.Collect$$_printf_percent$$00000004  c_w.l(_printf_e.o)
    0x080002c4   0x080002c4   0x00000006   Code   RO         1373    .ARM.Collect$$_printf_percent$$00000005  c_w.l(_printf_g.o)
    0x080002ca   0x080002ca   0x00000006   Code   RO         1374    .ARM.Collect$$_printf_percent$$00000006  c_w.l(_printf_a.o)
    0x080002d0   0x080002d0   0x0000000a   Code   RO         1379    .ARM.Collect$$_printf_percent$$00000007  c_w.l(_printf_ll.o)
    0x080002da   0x080002da   0x00000006   Code   RO         1370    .ARM.Collect$$_printf_percent$$00000008  c_w.l(_printf_i.o)
    0x080002e0   0x080002e0   0x00000006   Code   RO         1290    .ARM.Collect$$_printf_percent$$00000009  c_w.l(_printf_d.o)
    0x080002e6   0x080002e6   0x00000006   Code   RO         1371    .ARM.Collect$$_printf_percent$$0000000A  c_w.l(_printf_u.o)
    0x080002ec   0x080002ec   0x00000006   Code   RO         1369    .ARM.Collect$$_printf_percent$$0000000B  c_w.l(_printf_o.o)
    0x080002f2   0x080002f2   0x00000006   Code   RO         1367    .ARM.Collect$$_printf_percent$$0000000C  c_w.l(_printf_x.o)
    0x080002f8   0x080002f8   0x00000006   Code   RO         1376    .ARM.Collect$$_printf_percent$$0000000D  c_w.l(_printf_lli.o)
    0x080002fe   0x080002fe   0x00000006   Code   RO         1377    .ARM.Collect$$_printf_percent$$0000000E  c_w.l(_printf_lld.o)
    0x08000304   0x08000304   0x00000006   Code   RO         1378    .ARM.Collect$$_printf_percent$$0000000F  c_w.l(_printf_llu.o)
    0x0800030a   0x0800030a   0x00000006   Code   RO         1383    .ARM.Collect$$_printf_percent$$00000010  c_w.l(_printf_llo.o)
    0x08000310   0x08000310   0x00000006   Code   RO         1384    .ARM.Collect$$_printf_percent$$00000011  c_w.l(_printf_llx.o)
    0x08000316   0x08000316   0x0000000a   Code   RO         1380    .ARM.Collect$$_printf_percent$$00000012  c_w.l(_printf_l.o)
    0x08000320   0x08000320   0x00000006   Code   RO         1364    .ARM.Collect$$_printf_percent$$00000013  c_w.l(_printf_c.o)
    0x08000326   0x08000326   0x00000006   Code   RO         1365    .ARM.Collect$$_printf_percent$$00000014  c_w.l(_printf_s.o)
    0x0800032c   0x0800032c   0x00000006   Code   RO         1381    .ARM.Collect$$_printf_percent$$00000015  c_w.l(_printf_lc.o)
    0x08000332   0x08000332   0x00000006   Code   RO         1382    .ARM.Collect$$_printf_percent$$00000016  c_w.l(_printf_ls.o)
    0x08000338   0x08000338   0x00000004   Code   RO         1375    .ARM.Collect$$_printf_percent$$00000017  c_w.l(_printf_percent_end.o)
    0x0800033c   0x0800033c   0x00000002   Code   RO         1489    .ARM.Collect$$libinit$$00000000  c_w.l(libinit.o)
    0x0800033e   0x0800033e   0x00000004   Code   RO         1490    .ARM.Collect$$libinit$$00000001  c_w.l(libinit2.o)
    0x08000342   0x08000342   0x00000000   Code   RO         1493    .ARM.Collect$$libinit$$00000004  c_w.l(libinit2.o)
    0x08000342   0x08000342   0x00000000   Code   RO         1496    .ARM.Collect$$libinit$$0000000A  c_w.l(libinit2.o)
    0x08000342   0x08000342   0x00000000   Code   RO         1498    .ARM.Collect$$libinit$$0000000C  c_w.l(libinit2.o)
    0x08000342   0x08000342   0x00000000   Code   RO         1500    .ARM.Collect$$libinit$$0000000E  c_w.l(libinit2.o)
    0x08000342   0x08000342   0x00000006   Code   RO         1501    .ARM.Collect$$libinit$$0000000F  c_w.l(libinit2.o)
    0x08000348   0x08000348   0x00000000   Code   RO         1503    .ARM.Collect$$libinit$$00000011  c_w.l(libinit2.o)
    0x08000348   0x08000348   0x0000000c   Code   RO         1504    .ARM.Collect$$libinit$$00000012  c_w.l(libinit2.o)
    0x08000354   0x08000354   0x00000000   Code   RO         1505    .ARM.Collect$$libinit$$00000013  c_w.l(libinit2.o)
    0x08000354   0x08000354   0x00000000   Code   RO         1507    .ARM.Collect$$libinit$$00000015  c_w.l(libinit2.o)
    0x08000354   0x08000354   0x0000000a   Code   RO         1508    .ARM.Collect$$libinit$$00000016  c_w.l(libinit2.o)
    0x0800035e   0x0800035e   0x00000000   Code   RO         1509    .ARM.Collect$$libinit$$00000017  c_w.l(libinit2.o)
    0x0800035e   0x0800035e   0x00000000   Code   RO         1511    .ARM.Collect$$libinit$$00000019  c_w.l(libinit2.o)
    0x0800035e   0x0800035e   0x00000000   Code   RO         1513    .ARM.Collect$$libinit$$0000001B  c_w.l(libinit2.o)
    0x0800035e   0x0800035e   0x00000000   Code   RO         1515    .ARM.Collect$$libinit$$0000001D  c_w.l(libinit2.o)
    0x0800035e   0x0800035e   0x00000000   Code   RO         1517    .ARM.Collect$$libinit$$0000001F  c_w.l(libinit2.o)
    0x0800035e   0x0800035e   0x00000000   Code   RO         1519    .ARM.Collect$$libinit$$00000021  c_w.l(libinit2.o)
    0x0800035e   0x0800035e   0x00000000   Code   RO         1521    .ARM.Collect$$libinit$$00000023  c_w.l(libinit2.o)
    0x0800035e   0x0800035e   0x00000000   Code   RO         1523    .ARM.Collect$$libinit$$00000025  c_w.l(libinit2.o)
    0x0800035e   0x0800035e   0x00000000   Code   RO         1527    .ARM.Collect$$libinit$$0000002C  c_w.l(libinit2.o)
    0x0800035e   0x0800035e   0x00000000   Code   RO         1529    .ARM.Collect$$libinit$$0000002E  c_w.l(libinit2.o)
    0x0800035e   0x0800035e   0x00000000   Code   RO         1531    .ARM.Collect$$libinit$$00000030  c_w.l(libinit2.o)
    0x0800035e   0x0800035e   0x00000000   Code   RO         1533    .ARM.Collect$$libinit$$00000032  c_w.l(libinit2.o)
    0x0800035e   0x0800035e   0x00000002   Code   RO         1534    .ARM.Collect$$libinit$$00000033  c_w.l(libinit2.o)
    0x08000360   0x08000360   0x00000002   Code   RO         1592    .ARM.Collect$$libshutdown$$00000000  c_w.l(libshutdown.o)
    0x08000362   0x08000362   0x00000000   Code   RO         1610    .ARM.Collect$$libshutdown$$00000002  c_w.l(libshutdown2.o)
    0x08000362   0x08000362   0x00000000   Code   RO         1612    .ARM.Collect$$libshutdown$$00000004  c_w.l(libshutdown2.o)
    0x08000362   0x08000362   0x00000000   Code   RO         1615    .ARM.Collect$$libshutdown$$00000007  c_w.l(libshutdown2.o)
    0x08000362   0x08000362   0x00000000   Code   RO         1618    .ARM.Collect$$libshutdown$$0000000A  c_w.l(libshutdown2.o)
    0x08000362   0x08000362   0x00000000   Code   RO         1620    .ARM.Collect$$libshutdown$$0000000C  c_w.l(libshutdown2.o)
    0x08000362   0x08000362   0x00000000   Code   RO         1623    .ARM.Collect$$libshutdown$$0000000F  c_w.l(libshutdown2.o)
    0x08000362   0x08000362   0x00000002   Code   RO         1624    .ARM.Collect$$libshutdown$$00000010  c_w.l(libshutdown2.o)
    0x08000364   0x08000364   0x00000000   Code   RO         1309    .ARM.Collect$$rtentry$$00000000  c_w.l(__rtentry.o)
    0x08000364   0x08000364   0x00000000   Code   RO         1397    .ARM.Collect$$rtentry$$00000002  c_w.l(__rtentry2.o)
    0x08000364   0x08000364   0x00000006   Code   RO         1409    .ARM.Collect$$rtentry$$00000004  c_w.l(__rtentry4.o)
    0x0800036a   0x0800036a   0x00000000   Code   RO         1399    .ARM.Collect$$rtentry$$00000009  c_w.l(__rtentry2.o)
    0x0800036a   0x0800036a   0x00000004   Code   RO         1400    .ARM.Collect$$rtentry$$0000000A  c_w.l(__rtentry2.o)
    0x0800036e   0x0800036e   0x00000000   Code   RO         1402    .ARM.Collect$$rtentry$$0000000C  c_w.l(__rtentry2.o)
    0x0800036e   0x0800036e   0x00000008   Code   RO         1403    .ARM.Collect$$rtentry$$0000000D  c_w.l(__rtentry2.o)
    0x08000376   0x08000376   0x00000002   Code   RO         1535    .ARM.Collect$$rtexit$$00000000  c_w.l(rtexit.o)
    0x08000378   0x08000378   0x00000000   Code   RO         1557    .ARM.Collect$$rtexit$$00000002  c_w.l(rtexit2.o)
    0x08000378   0x08000378   0x00000004   Code   RO         1558    .ARM.Collect$$rtexit$$00000003  c_w.l(rtexit2.o)
    0x0800037c   0x0800037c   0x00000006   Code   RO         1559    .ARM.Collect$$rtexit$$00000004  c_w.l(rtexit2.o)
    0x08000382   0x08000382   0x00000002   PAD
    0x08000384   0x08000384   0x00000044   Code   RO            4    .text               startup_stm32u575xx.o
    0x080003c8   0x080003c8   0x000000f0   Code   RO         1258    .text               c_w.l(lludivv7m.o)
    0x080004b8   0x080004b8   0x00000024   Code   RO         1260    .text               c_w.l(vsprintf.o)
    0x080004dc   0x080004dc   0x0000002c   Code   RO         1262    .text               c_w.l(__2sprintf.o)
    0x08000508   0x08000508   0x00000078   Code   RO         1268    .text               c_w.l(_printf_dec.o)
    0x08000580   0x08000580   0x00000188   Code   RO         1287    .text               c_w.l(__printf_flags_ss_wp.o)
    0x08000708   0x08000708   0x00000024   Code   RO         1293    .text               c_w.l(strstr.o)
    0x0800072c   0x0800072c   0x0000003e   Code   RO         1295    .text               c_w.l(strlen.o)
    0x0800076a   0x0800076a   0x00000044   Code   RO         1297    .text               c_w.l(rt_memclr.o)
    0x080007ae   0x080007ae   0x0000004e   Code   RO         1299    .text               c_w.l(rt_memclr_w.o)
    0x080007fc   0x080007fc   0x00000006   Code   RO         1301    .text               c_w.l(heapauxi.o)
    0x08000802   0x08000802   0x0000004e   Code   RO         1314    .text               c_w.l(_printf_pad.o)
    0x08000850   0x08000850   0x00000024   Code   RO         1316    .text               c_w.l(_printf_truncate.o)
    0x08000874   0x08000874   0x00000052   Code   RO         1318    .text               c_w.l(_printf_str.o)
    0x080008c6   0x080008c6   0x000000b2   Code   RO         1320    .text               c_w.l(_printf_intcommon.o)
    0x08000978   0x08000978   0x00000028   Code   RO         1322    .text               c_w.l(_printf_charcount.o)
    0x080009a0   0x080009a0   0x0000041c   Code   RO         1324    .text               c_w.l(_printf_fp_dec.o)
    0x08000dbc   0x08000dbc   0x00000030   Code   RO         1328    .text               c_w.l(_printf_char_common.o)
    0x08000dec   0x08000dec   0x0000000a   Code   RO         1330    .text               c_w.l(_sputc.o)
    0x08000df6   0x08000df6   0x00000002   PAD
    0x08000df8   0x08000df8   0x000000bc   Code   RO         1332    .text               c_w.l(_printf_wctomb.o)
    0x08000eb4   0x08000eb4   0x0000007c   Code   RO         1335    .text               c_w.l(_printf_longlong_dec.o)
    0x08000f30   0x08000f30   0x00000070   Code   RO         1341    .text               c_w.l(_printf_oct_int_ll.o)
    0x08000fa0   0x08000fa0   0x00000094   Code   RO         1361    .text               c_w.l(_printf_hex_int_ll_ptr.o)
    0x08001034   0x08001034   0x00000008   Code   RO         1416    .text               c_w.l(rt_locale_intlibspace.o)
    0x0800103c   0x0800103c   0x0000008a   Code   RO         1418    .text               c_w.l(lludiv10.o)
    0x080010c6   0x080010c6   0x00000002   PAD
    0x080010c8   0x080010c8   0x000002fc   Code   RO         1420    .text               c_w.l(_printf_fp_hex.o)
    0x080013c4   0x080013c4   0x00000080   Code   RO         1423    .text               c_w.l(_printf_fp_infnan.o)
    0x08001444   0x08001444   0x0000002c   Code   RO         1427    .text               c_w.l(_printf_char.o)
    0x08001470   0x08001470   0x0000002c   Code   RO         1429    .text               c_w.l(_printf_wchar.o)
    0x0800149c   0x0800149c   0x000000e4   Code   RO         1431    .text               c_w.l(bigflt0.o)
    0x08001580   0x08001580   0x00000048   Code   RO         1458    .text               c_w.l(_c16rtomb.o)
    0x080015c8   0x080015c8   0x00000008   Code   RO         1467    .text               c_w.l(libspace.o)
    0x080015d0   0x080015d0   0x0000004a   Code   RO         1470    .text               c_w.l(sys_stackheap_outer.o)
    0x0800161a   0x0800161a   0x00000002   PAD
    0x0800161c   0x0800161c   0x00000010   Code   RO         1472    .text               c_w.l(rt_ctype_table.o)
    0x0800162c   0x0800162c   0x00000012   Code   RO         1476    .text               c_w.l(exit.o)
    0x0800163e   0x0800163e   0x00000002   PAD
    0x08001640   0x08001640   0x0000007c   Code   RO         1482    .text               c_w.l(strcmpv8m_maindsp.o)
    0x080016bc   0x080016bc   0x0000000c   Code   RO         1552    .text               c_w.l(sys_exit.o)
    0x080016c8   0x080016c8   0x00000002   Code   RO         1579    .text               c_w.l(use_no_semi.o)
    0x080016ca   0x080016ca   0x00000000   Code   RO         1581    .text               c_w.l(indicate_semi.o)
    0x080016ca   0x080016ca   0x00000002   PAD
    0x080016cc   0x080016cc   0x000000e8   Code   RO          141    .text.BSP_SHT20_GetData  bsp_sht20.o
    0x080017b4   0x080017b4   0x00000002   Code   RO          110    .text.BusFault_Handler  stm32u5xx_it.o
    0x080017b6   0x080017b6   0x00000002   PAD
    0x080017b8   0x080017b8   0x00000002   Code   RO          116    .text.DebugMon_Handler  stm32u5xx_it.o
    0x080017ba   0x080017ba   0x00000002   PAD
    0x080017bc   0x080017bc   0x0000000a   Code   RO           32    .text.Error_Handler  main.o
    0x080017c6   0x080017c6   0x00000002   PAD
    0x080017c8   0x080017c8   0x000000ae   Code   RO          381    .text.HAL_DMA_Abort  stm32u5xx_hal_dma.o
    0x08001876   0x08001876   0x00000002   PAD
    0x08001878   0x08001878   0x00000030   Code   RO          383    .text.HAL_DMA_Abort_IT  stm32u5xx_hal_dma.o
    0x080018a8   0x080018a8   0x00000028   Code   RO          506    .text.HAL_Delay     stm32u5xx_hal.o
    0x080018d0   0x080018d0   0x0000021a   Code   RO          767    .text.HAL_GPIO_Init  stm32u5xx_hal_gpio.o
    0x08001aea   0x08001aea   0x00000002   PAD
    0x08001aec   0x08001aec   0x0000000c   Code   RO          773    .text.HAL_GPIO_WritePin  stm32u5xx_hal_gpio.o
    0x08001af8   0x08001af8   0x0000000c   Code   RO          498    .text.HAL_GetTick   stm32u5xx_hal.o
    0x08001b04   0x08001b04   0x0000004a   Code   RO          349    .text.HAL_I2CEx_ConfigAnalogFilter  stm32u5xx_hal_i2c_ex.o
    0x08001b4e   0x08001b4e   0x00000002   PAD
    0x08001b50   0x08001b50   0x00000048   Code   RO          351    .text.HAL_I2CEx_ConfigDigitalFilter  stm32u5xx_hal_i2c_ex.o
    0x08001b98   0x08001b98   0x000000a0   Code   RO          200    .text.HAL_I2C_Init  stm32u5xx_hal_i2c.o
    0x08001c38   0x08001c38   0x000001a8   Code   RO          216    .text.HAL_I2C_Master_Receive  stm32u5xx_hal_i2c.o
    0x08001de0   0x08001de0   0x000001a4   Code   RO          208    .text.HAL_I2C_Master_Transmit  stm32u5xx_hal_i2c.o
    0x08001f84   0x08001f84   0x00000096   Code   RO           58    .text.HAL_I2C_MspInit  i2c.o
    0x0800201a   0x0800201a   0x00000002   PAD
    0x0800201c   0x0800201c   0x00000020   Code   RO         1007    .text.HAL_ICACHE_ConfigAssociativityMode  stm32u5xx_hal_icache.o
    0x0800203c   0x0800203c   0x00000014   Code   RO         1019    .text.HAL_ICACHE_Enable  stm32u5xx_hal_icache.o
    0x08002050   0x08002050   0x0000001a   Code   RO          496    .text.HAL_IncTick   stm32u5xx_hal.o
    0x0800206a   0x0800206a   0x00000002   PAD
    0x0800206c   0x0800206c   0x00000056   Code   RO          486    .text.HAL_Init      stm32u5xx_hal.o
    0x080020c2   0x080020c2   0x00000002   PAD
    0x080020c4   0x080020c4   0x0000004e   Code   RO          488    .text.HAL_InitTick  stm32u5xx_hal.o
    0x08002112   0x08002112   0x00000002   PAD
    0x08002114   0x08002114   0x00000020   Code   RO          131    .text.HAL_MspInit   stm32u5xx_hal_msp.o
    0x08002134   0x08002134   0x00000020   Code   RO          156    .text.HAL_NVIC_EnableIRQ  stm32u5xx_hal_cortex.o
    0x08002154   0x08002154   0x00000056   Code   RO          154    .text.HAL_NVIC_SetPriority  stm32u5xx_hal_cortex.o
    0x080021aa   0x080021aa   0x00000002   PAD
    0x080021ac   0x080021ac   0x00000020   Code   RO          152    .text.HAL_NVIC_SetPriorityGrouping  stm32u5xx_hal_cortex.o
    0x080021cc   0x080021cc   0x0000012e   Code   RO          876    .text.HAL_PWREx_ControlVoltageScaling  stm32u5xx_hal_pwr_ex.o
    0x080022fa   0x080022fa   0x00000002   PAD
    0x080022fc   0x080022fc   0x00000012   Code   RO          946    .text.HAL_PWREx_DisableUCPDDeadBattery  stm32u5xx_hal_pwr_ex.o
    0x0800230e   0x0800230e   0x00000002   PAD
    0x08002310   0x08002310   0x00000010   Code   RO          878    .text.HAL_PWREx_GetVoltageRange  stm32u5xx_hal_pwr_ex.o
    0x08002320   0x08002320   0x00000198   Code   RO          618    .text.HAL_RCCEx_GetPLL1ClockFreq  stm32u5xx_hal_rcc_ex.o
    0x080024b8   0x080024b8   0x00000198   Code   RO          620    .text.HAL_RCCEx_GetPLL2ClockFreq  stm32u5xx_hal_rcc_ex.o
    0x08002650   0x08002650   0x00000198   Code   RO          622    .text.HAL_RCCEx_GetPLL3ClockFreq  stm32u5xx_hal_rcc_ex.o
    0x080027e8   0x080027e8   0x00000a8e   Code   RO          624    .text.HAL_RCCEx_GetPeriphCLKFreq  stm32u5xx_hal_rcc_ex.o
    0x08003276   0x08003276   0x00000002   PAD
    0x08003278   0x08003278   0x00000656   Code   RO          610    .text.HAL_RCCEx_PeriphCLKConfig  stm32u5xx_hal_rcc_ex.o
    0x080038ce   0x080038ce   0x00000002   PAD
    0x080038d0   0x080038d0   0x000002fe   Code   RO          574    .text.HAL_RCC_ClockConfig  stm32u5xx_hal_rcc.o
    0x08003bce   0x08003bce   0x00000002   PAD
    0x08003bd0   0x08003bd0   0x0000002c   Code   RO          572    .text.HAL_RCC_GetHCLKFreq  stm32u5xx_hal_rcc.o
    0x08003bfc   0x08003bfc   0x0000003e   Code   RO          580    .text.HAL_RCC_GetPCLK1Freq  stm32u5xx_hal_rcc.o
    0x08003c3a   0x08003c3a   0x00000002   PAD
    0x08003c3c   0x08003c3c   0x0000003e   Code   RO          582    .text.HAL_RCC_GetPCLK2Freq  stm32u5xx_hal_rcc.o
    0x08003c7a   0x08003c7a   0x00000002   PAD
    0x08003c7c   0x08003c7c   0x0000003e   Code   RO          584    .text.HAL_RCC_GetPCLK3Freq  stm32u5xx_hal_rcc.o
    0x08003cba   0x08003cba   0x00000002   PAD
    0x08003cbc   0x08003cbc   0x00000110   Code   RO          576    .text.HAL_RCC_GetSysClockFreq  stm32u5xx_hal_rcc.o
    0x08003dcc   0x08003dcc   0x00000b8c   Code   RO          570    .text.HAL_RCC_OscConfig  stm32u5xx_hal_rcc.o
    0x08004958   0x08004958   0x0000002c   Code   RO          164    .text.HAL_SYSTICK_Config  stm32u5xx_hal_cortex.o
    0x08004984   0x08004984   0x00000036   Code   RO         1212    .text.HAL_UARTEx_DisableFifoMode  stm32u5xx_hal_uart_ex.o
    0x080049ba   0x080049ba   0x00000002   PAD
    0x080049bc   0x080049bc   0x00000002   Code   RO         1143    .text.HAL_UARTEx_RxEventCallback  stm32u5xx_hal_uart.o
    0x080049be   0x080049be   0x00000002   PAD
    0x080049c0   0x080049c0   0x00000002   Code   RO         1198    .text.HAL_UARTEx_RxFifoFullCallback  stm32u5xx_hal_uart_ex.o
    0x080049c2   0x080049c2   0x00000002   PAD
    0x080049c4   0x080049c4   0x0000008c   Code   RO         1216    .text.HAL_UARTEx_SetRxFifoThreshold  stm32u5xx_hal_uart_ex.o
    0x08004a50   0x08004a50   0x0000008c   Code   RO         1214    .text.HAL_UARTEx_SetTxFifoThreshold  stm32u5xx_hal_uart_ex.o
    0x08004adc   0x08004adc   0x00000002   Code   RO         1200    .text.HAL_UARTEx_TxFifoEmptyCallback  stm32u5xx_hal_uart_ex.o
    0x08004ade   0x08004ade   0x00000002   PAD
    0x08004ae0   0x08004ae0   0x00000002   Code   RO         1141    .text.HAL_UART_ErrorCallback  stm32u5xx_hal_uart.o
    0x08004ae2   0x08004ae2   0x00000002   PAD
    0x08004ae4   0x08004ae4   0x0000058c   Code   RO         1137    .text.HAL_UART_IRQHandler  stm32u5xx_hal_uart.o
    0x08005070   0x08005070   0x00000068   Code   RO         1053    .text.HAL_UART_Init  stm32u5xx_hal_uart.o
    0x080050d8   0x080050d8   0x00000148   Code   RO           83    .text.HAL_UART_MspInit  usart.o
    0x08005220   0x08005220   0x000000c6   Code   RO         1089    .text.HAL_UART_Receive_IT  stm32u5xx_hal_uart.o
    0x080052e6   0x080052e6   0x00000002   PAD
    0x080052e8   0x080052e8   0x00000002   Code   RO         1149    .text.HAL_UART_RxCpltCallback  stm32u5xx_hal_uart.o
    0x080052ea   0x080052ea   0x00000002   PAD
    0x080052ec   0x080052ec   0x00000002   Code   RO         1145    .text.HAL_UART_TxCpltCallback  stm32u5xx_hal_uart.o
    0x080052ee   0x080052ee   0x00000002   PAD
    0x080052f0   0x080052f0   0x00000002   Code   RO          106    .text.HardFault_Handler  stm32u5xx_it.o
    0x080052f2   0x080052f2   0x00000002   PAD
    0x080052f4   0x080052f4   0x00000168   Code   RO          338    .text.I2C_IsErrorOccurred  stm32u5xx_hal_i2c.o
    0x0800545c   0x0800545c   0x000000fe   Code   RO          210    .text.I2C_WaitOnFlagUntilTimeout  stm32u5xx_hal_i2c.o
    0x0800555a   0x0800555a   0x00000002   PAD
    0x0800555c   0x0800555c   0x000000d2   Code   RO          218    .text.I2C_WaitOnRXNEFlagUntilTimeout  stm32u5xx_hal_i2c.o
    0x0800562e   0x0800562e   0x00000002   PAD
    0x08005630   0x08005630   0x00000080   Code   RO          214    .text.I2C_WaitOnSTOPFlagUntilTimeout  stm32u5xx_hal_i2c.o
    0x080056b0   0x080056b0   0x000000ac   Code   RO          212    .text.I2C_WaitOnTXISFlagUntilTimeout  stm32u5xx_hal_i2c.o
    0x0800575c   0x0800575c   0x00000082   Code   RO           47    .text.MX_GPIO_Init  gpio.o
    0x080057de   0x080057de   0x00000002   PAD
    0x080057e0   0x080057e0   0x0000006c   Code   RO           56    .text.MX_I2C1_Init  i2c.o
    0x0800584c   0x0800584c   0x00000022   Code   RO           71    .text.MX_ICACHE_Init  icache.o
    0x0800586e   0x0800586e   0x00000002   PAD
    0x08005870   0x08005870   0x00000084   Code   RO           79    .text.MX_UART5_Init  usart.o
    0x080058f4   0x080058f4   0x00000084   Code   RO           81    .text.MX_USART1_UART_Init  usart.o
    0x08005978   0x08005978   0x00000002   Code   RO          108    .text.MemManage_Handler  stm32u5xx_it.o
    0x0800597a   0x0800597a   0x00000002   PAD
    0x0800597c   0x0800597c   0x00000002   Code   RO          104    .text.NMI_Handler   stm32u5xx_it.o
    0x0800597e   0x0800597e   0x00000002   PAD
    0x08005980   0x08005980   0x00000002   Code   RO          118    .text.PendSV_Handler  stm32u5xx_it.o
    0x08005982   0x08005982   0x00000002   PAD
    0x08005984   0x08005984   0x000000f8   Code   RO          612    .text.RCCEx_PLL2_Config  stm32u5xx_hal_rcc_ex.o
    0x08005a7c   0x08005a7c   0x000000f8   Code   RO          614    .text.RCCEx_PLL3_Config  stm32u5xx_hal_rcc_ex.o
    0x08005b74   0x08005b74   0x00000002   Code   RO          114    .text.SVC_Handler   stm32u5xx_it.o
    0x08005b76   0x08005b76   0x00000002   PAD
    0x08005b78   0x08005b78   0x00000004   Code   RO          120    .text.SysTick_Handler  stm32u5xx_it.o
    0x08005b7c   0x08005b7c   0x0000004c   Code   RO         1241    .text.SystemInit    system_stm32u5xx.o
    0x08005bc8   0x08005bc8   0x00000014   Code   RO           17    .text.TCP_send      tcp_wifi.o
    0x08005bdc   0x08005bdc   0x0000003e   Code   RO          122    .text.UART5_IRQHandler  stm32u5xx_it.o
    0x08005c1a   0x08005c1a   0x00000002   PAD
    0x08005c1c   0x08005c1c   0x000000e8   Code   RO         1059    .text.UART_AdvFeatureConfig  stm32u5xx_hal_uart.o
    0x08005d04   0x08005d04   0x0000016e   Code   RO         1061    .text.UART_CheckIdleState  stm32u5xx_hal_uart.o
    0x08005e72   0x08005e72   0x00000002   PAD
    0x08005e74   0x08005e74   0x00000010   Code   RO         1139    .text.UART_DMAAbortOnError  stm32u5xx_hal_uart.o
    0x08005e84   0x08005e84   0x000001ba   Code   RO         1179    .text.UART_RxISR_16BIT  stm32u5xx_hal_uart.o
    0x0800603e   0x0800603e   0x00000002   PAD
    0x08006040   0x08006040   0x00000346   Code   RO         1175    .text.UART_RxISR_16BIT_FIFOEN  stm32u5xx_hal_uart.o
    0x08006386   0x08006386   0x00000002   PAD
    0x08006388   0x08006388   0x000001ba   Code   RO         1181    .text.UART_RxISR_8BIT  stm32u5xx_hal_uart.o
    0x08006542   0x08006542   0x00000002   PAD
    0x08006544   0x08006544   0x0000034a   Code   RO         1177    .text.UART_RxISR_8BIT_FIFOEN  stm32u5xx_hal_uart.o
    0x0800688e   0x0800688e   0x00000002   PAD
    0x08006890   0x08006890   0x0000021a   Code   RO         1057    .text.UART_SetConfig  stm32u5xx_hal_uart.o
    0x08006aaa   0x08006aaa   0x00000002   PAD
    0x08006aac   0x08006aac   0x00000262   Code   RO         1091    .text.UART_Start_Receive_IT  stm32u5xx_hal_uart.o
    0x08006d0e   0x08006d0e   0x00000002   PAD
    0x08006d10   0x08006d10   0x000002e0   Code   RO         1075    .text.UART_WaitOnFlagUntilTimeout  stm32u5xx_hal_uart.o
    0x08006ff0   0x08006ff0   0x00000002   Code   RO          112    .text.UsageFault_Handler  stm32u5xx_it.o
    0x08006ff2   0x08006ff2   0x00000002   PAD
    0x08006ff4   0x08006ff4   0x00000308   Code   RO           28    .text.main          main.o
    0x080072fc   0x080072fc   0x00000154   Code   RO           89    .text.u1_printf     usart.o
    0x08007450   0x08007450   0x00000154   Code   RO           91    .text.u5_printf     usart.o
    0x080075a4   0x080075a4   0x00000068   Code   RO           11    .text.wifi_config   tcp_wifi.o
    0x0800760c   0x0800760c   0x00000098   Code   RO           15    .text.wifi_connecTCP  tcp_wifi.o
    0x080076a4   0x080076a4   0x000000a8   Code   RO           13    .text.wifi_connect  tcp_wifi.o
    0x0800774c   0x0800774c   0x0000003e   Code   RO         1434    CL$$btod_d2e        c_w.l(btod.o)
    0x0800778a   0x0800778a   0x00000046   Code   RO         1436    CL$$btod_d2e_denorm_low  c_w.l(btod.o)
    0x080077d0   0x080077d0   0x00000060   Code   RO         1435    CL$$btod_d2e_norm_op1  c_w.l(btod.o)
    0x08007830   0x08007830   0x00000338   Code   RO         1444    CL$$btod_div_common  c_w.l(btod.o)
    0x08007b68   0x08007b68   0x000000dc   Code   RO         1441    CL$$btod_e2e        c_w.l(btod.o)
    0x08007c44   0x08007c44   0x0000002a   Code   RO         1438    CL$$btod_ediv       c_w.l(btod.o)
    0x08007c6e   0x08007c6e   0x0000002a   Code   RO         1437    CL$$btod_emul       c_w.l(btod.o)
    0x08007c98   0x08007c98   0x00000244   Code   RO         1443    CL$$btod_mult_common  c_w.l(btod.o)
    0x08007edc   0x08007edc   0x00000030   Code   RO         1465    i.__ARM_fpclassify  m_wm.l(fpclassify.o)
    0x08007f0c   0x08007f0c   0x0000000e   Code   RO         1280    i._is_digit         c_w.l(__printf_wp.o)
    0x08007f1a   0x08007f1a   0x00000002   PAD
    0x08007f1c   0x08007f1c   0x0000002c   Code   RO         1461    locale$$code        c_w.l(lc_numeric_c.o)
    0x08007f48   0x08007f48   0x0000002c   Code   RO         1542    locale$$code        c_w.l(lc_ctype_c.o)
    0x08007f74   0x08007f74   0x0000000c   Code   RO         1385    x$fpl$dretinf       fz_wm.l(dretinf.o)
    0x08007f80   0x08007f80   0x00000056   Code   RO         1305    x$fpl$f2d           fz_wm.l(f2d.o)
    0x08007fd6   0x08007fd6   0x0000008c   Code   RO         1387    x$fpl$fnaninf       fz_wm.l(fnaninf.o)
    0x08008062   0x08008062   0x0000001a   Code   RO         1550    x$fpl$fpinit        fz_wm.l(fpinit.o)
    0x0800807c   0x0800807c   0x00000004   Code   RO         1307    x$fpl$printf1       fz_wm.l(printf1.o)
    0x08008080   0x08008080   0x00000004   Code   RO         1389    x$fpl$printf2       fz_wm.l(printf2.o)
    0x08008084   0x08008084   0x00000000   Code   RO         1395    x$fpl$usenofp       fz_wm.l(usenofp.o)
    0x08008084   0x08008084   0x00000011   Data   RO         1288    .constdata          c_w.l(__printf_flags_ss_wp.o)
    0x08008095   0x08008095   0x00000003   PAD
    0x08008098   0x08008098   0x00000008   Data   RO         1333    .constdata          c_w.l(_printf_wctomb.o)
    0x080080a0   0x080080a0   0x00000028   Data   RO         1362    .constdata          c_w.l(_printf_hex_int_ll_ptr.o)
    0x080080c8   0x080080c8   0x00000026   Data   RO         1421    .constdata          c_w.l(_printf_fp_hex.o)
    0x080080ee   0x080080ee   0x00000002   PAD
    0x080080f0   0x080080f0   0x00000094   Data   RO         1432    .constdata          c_w.l(bigflt0.o)
    0x08008184   0x08008184   0x00000010   Data   RO         1246    .rodata.AHBPrescTable  system_stm32u5xx.o
    0x08008194   0x08008194   0x00000008   Data   RO         1247    .rodata.APBPrescTable  system_stm32u5xx.o
    0x0800819c   0x0800819c   0x00000080   Data   RO          791    .rodata.LPGPIO_Map  stm32u5xx_hal_gpio.o
    0x0800821c   0x0800821c   0x00000040   Data   RO         1248    .rodata.MSIRangeTable  system_stm32u5xx.o
    0x0800825c   0x0800825c   0x00000018   Data   RO         1187    .rodata.UARTPrescTable  stm32u5xx_hal_uart.o
    0x08008274   0x08008274   0x00000010   Data   RO         1232    .rodata.cst8        stm32u5xx_hal_uart_ex.o
    0x08008284   0x08008284   0x00000003   Data   RO           19    .rodata.str1.1      tcp_wifi.o
    0x08008287   0x08008287   0x0000005c   Data   RO           37    .rodata.str1.1      main.o
    0x080082e3   0x080082e3   0x00000001   PAD
    0x080082e4   0x080082e4   0x00000020   Data   RO         1626    Region$$Table       anon$$obj.o
    0x08008304   0x08008304   0x0000001c   Data   RO         1460    locale$$data        c_w.l(lc_numeric_c.o)
    0x08008320   0x08008320   0x00000110   Data   RO         1541    locale$$data        c_w.l(lc_ctype_c.o)


    Execution Region RW_IRAM1 (Exec base: 0x20000000, Load base: 0x08008430, Size: 0x00001400, Max: 0x000c0000, ABSOLUTE)

    Exec Addr    Load Addr    Size         Type   Attr      Idx    E Section Name        Object

    0x20000000   0x08008430   0x00000008   Data   RW          559    .data..L_MergedGlobals  stm32u5xx_hal.o
    0x20000008   0x08008438   0x00000004   Data   RW         1245    .data.SystemCoreClock  system_stm32u5xx.o
    0x2000000c   0x0800843c   0x00000004   Data   RW           35    .data.is_work       main.o
    0x20000010        -       0x00000060   Zero   RW         1468    .bss                c_w.l(libspace.o)
    0x20000070        -       0x00000800   Zero   RW           36    .bss.RecvBuf        main.o
    0x20000870        -       0x00000400   Zero   RW           95    .bss.USART_TxBuff   usart.o
    0x20000c70        -       0x00000004   Zero   RW           34    .bss.flag           main.o
    0x20000c74        -       0x00000008   Zero   RW          143    .bss.gTemRH_Val     bsp_sht20.o
    0x20000c7c        -       0x00000054   Zero   RW           62    .bss.hi2c1          i2c.o
    0x20000cd0        -       0x00000094   Zero   RW           94    .bss.huart1         usart.o
    0x20000d64        -       0x00000094   Zero   RW           93    .bss.huart5         usart.o
    0x20000df8        -       0x00000004   Zero   RW          558    .bss.uwTick         stm32u5xx_hal.o
    0x20000dfc   0x08008440   0x00000004   PAD
    0x20000e00        -       0x00000200   Zero   RW            2    HEAP                startup_stm32u575xx.o
    0x20001000        -       0x00000400   Zero   RW            1    STACK               startup_stm32u575xx.o


==============================================================================

Image component sizes


      Code (inc. data)   RO Data    RW Data    ZI Data      Debug   Object Name

       232         16          0          0          8       2821   bsp_sht20.o
       130          0          0          0          0       2977   gpio.o
       258          0          0          0         84       8573   i2c.o
        34          0          0          0          0        647   icache.o
       786        164         92          4       2052       4031   main.o
        68         28        568          0       1536        936   startup_stm32u575xx.o
       242          0          0          8          4      11744   stm32u5xx_hal.o
       194          0          0          0          0      14123   stm32u5xx_hal_cortex.o
       222          0          0          0          0      11313   stm32u5xx_hal_dma.o
       550          0        128          0          0       7065   stm32u5xx_hal_gpio.o
      2128          0          0          0          0      54874   stm32u5xx_hal_i2c.o
       146          0          0          0          0       6885   stm32u5xx_hal_i2c_ex.o
        52          0          0          0          0       6459   stm32u5xx_hal_icache.o
        32          0          0          0          0       2189   stm32u5xx_hal_msp.o
       336          0          0          0          0      14727   stm32u5xx_hal_pwr_ex.o
      4224         12          0          0          0      15492   stm32u5xx_hal_rcc.o
      6044        294          0          0          0      22375   stm32u5xx_hal_rcc_ex.o
      6792          0         24          0          0      38674   stm32u5xx_hal_uart.o
       338          0         16          0          0      12948   stm32u5xx_hal_uart_ex.o
        82          0          0          0          0       1696   stm32u5xx_it.o
        76          0         88          4          0       4259   system_stm32u5xx.o
       444        112          3          0          0       1773   tcp_wifi.o
      1272          0          0          0       1320      14039   usart.o

    ----------------------------------------------------------------------
     24772        626        952         16       5008     260620   Object Totals
         0          0         32          0          0          0   (incl. Generated)
        90          0          1          0          4          0   (incl. Padding)

    ----------------------------------------------------------------------

      Code (inc. data)   RO Data    RW Data    ZI Data      Debug   Library Member Name

        44          6          0          0          0         84   __2sprintf.o
         8          0          0          0          0         68   __main.o
       392          4         17          0          0         92   __printf_flags_ss_wp.o
        14          0          0          0          0         68   __printf_wp.o
         0          0          0          0          0          0   __rtentry.o
        12          0          0          0          0          0   __rtentry2.o
         6          0          0          0          0          0   __rtentry4.o
        52          8          0          0          0          0   __scatter.o
        26          0          0          0          0          0   __scatter_copy.o
        28          0          0          0          0          0   __scatter_zi.o
        72          0          0          0          0         96   _c16rtomb.o
         6          0          0          0          0          0   _printf_a.o
         6          0          0          0          0          0   _printf_c.o
        44          0          0          0          0        108   _printf_char.o
        48          6          0          0          0         96   _printf_char_common.o
        40          0          0          0          0         68   _printf_charcount.o
         6          0          0          0          0          0   _printf_d.o
       120         16          0          0          0         92   _printf_dec.o
         6          0          0          0          0          0   _printf_e.o
         6          0          0          0          0          0   _printf_f.o
      1052          0          0          0          0        148   _printf_fp_dec.o
       764          8         38          0          0        100   _printf_fp_hex.o
       128         16          0          0          0         84   _printf_fp_infnan.o
         6          0          0          0          0          0   _printf_g.o
       148          4         40          0          0        160   _printf_hex_int_ll_ptr.o
         6          0          0          0          0          0   _printf_i.o
       178          0          0          0          0         88   _printf_intcommon.o
        10          0          0          0          0          0   _printf_l.o
         6          0          0          0          0          0   _printf_lc.o
        10          0          0          0          0          0   _printf_ll.o
         6          0          0          0          0          0   _printf_lld.o
         6          0          0          0          0          0   _printf_lli.o
         6          0          0          0          0          0   _printf_llo.o
         6          0          0          0          0          0   _printf_llu.o
         6          0          0          0          0          0   _printf_llx.o
       124         16          0          0          0         92   _printf_longlong_dec.o
         6          0          0          0          0          0   _printf_ls.o
         6          0          0          0          0          0   _printf_n.o
         6          0          0          0          0          0   _printf_o.o
       112          8          0          0          0        124   _printf_oct_int_ll.o
         6          0          0          0          0          0   _printf_p.o
        78          0          0          0          0        108   _printf_pad.o
         0          0          0          0          0          0   _printf_percent.o
         4          0          0          0          0          0   _printf_percent_end.o
         6          0          0          0          0          0   _printf_s.o
        82          0          0          0          0         80   _printf_str.o
        36          0          0          0          0         84   _printf_truncate.o
         6          0          0          0          0          0   _printf_u.o
        44          0          0          0          0        108   _printf_wchar.o
       188          6          8          0          0         92   _printf_wctomb.o
         6          0          0          0          0          0   _printf_x.o
        10          0          0          0          0         68   _sputc.o
       228          4        148          0          0         96   bigflt0.o
      1936        128          0          0          0        668   btod.o
        18          0          0          0          0         80   exit.o
         6          0          0          0          0        152   heapauxi.o
         0          0          0          0          0          0   indicate_semi.o
        44         10        272          0          0         76   lc_ctype_c.o
        44         10         28          0          0         76   lc_numeric_c.o
         2          0          0          0          0          0   libinit.o
        34          0          0          0          0          0   libinit2.o
         2          0          0          0          0          0   libshutdown.o
         2          0          0          0          0          0   libshutdown2.o
         8          4          0          0         96         68   libspace.o
       138          0          0          0          0         80   lludiv10.o
       240          0          0          0          0        100   lludivv7m.o
        16          4          0          0          0         76   rt_ctype_table.o
         8          4          0          0          0         68   rt_locale_intlibspace.o
        68          0          0          0          0         68   rt_memclr.o
        78          0          0          0          0         80   rt_memclr_w.o
         2          0          0          0          0          0   rtexit.o
        10          0          0          0          0          0   rtexit2.o
       124          0          0          0          0         88   strcmpv8m_maindsp.o
        62          0          0          0          0         76   strlen.o
        36          0          0          0          0         80   strstr.o
        12          4          0          0          0         68   sys_exit.o
        74          0          0          0          0         80   sys_stackheap_outer.o
         2          0          0          0          0         68   use_no_semi.o
        36          4          0          0          0         76   vsprintf.o
        12          0          0          0          0        116   dretinf.o
        86          4          0          0          0        132   f2d.o
       140          4          0          0          0        132   fnaninf.o
        26          0          0          0          0        116   fpinit.o
         4          0          0          0          0        116   printf1.o
         4          0          0          0          0        116   printf2.o
         0          0          0          0          0          0   usenofp.o
        48          0          0          0          0        124   fpclassify.o

    ----------------------------------------------------------------------
      7560        278        556          0         96       5184   Library Totals
        16          0          5          0          0          0   (incl. Padding)

    ----------------------------------------------------------------------

      Code (inc. data)   RO Data    RW Data    ZI Data      Debug   Library Name

      7224        270        551          0         96       4332   c_w.l
       272          8          0          0          0        728   fz_wm.l
        48          0          0          0          0        124   m_wm.l

    ----------------------------------------------------------------------
      7560        278        556          0         96       5184   Library Totals

    ----------------------------------------------------------------------

==============================================================================


      Code (inc. data)   RO Data    RW Data    ZI Data      Debug   

     32332        904       1508         16       5104     262544   Grand Totals
     32332        904       1508         16       5104     262544   ELF Image Totals
     32332        904       1508         16          0          0   ROM Totals

==============================================================================

    Total RO  Size (Code + RO Data)                33840 (  33.05kB)
    Total RW  Size (RW Data + ZI Data)              5120 (   5.00kB)
    Total ROM Size (Code + RO Data + RW Data)      33856 (  33.06kB)

==============================================================================

