<html>
<body>
<pre>
<h1>µVision Build Log</h1>
<h2>Tool Versions:</h2>
IDE-Version: ¦ÌVision V5.36.0.0
Copyright (C) 2021 ARM Ltd and ARM Germany GmbH. All rights reserved.
License Information: 1 Zed2060605017@gmail.com, 1, LIC=PE7DL-0HSFU-56HQ2-9PGYD-EHBE8-M58FC
 
Tool Versions:
Toolchain:       MDK-ARM Plus  Version: 5.36.0.0
Toolchain Path:  D:\Keil5\ARM\ARMCLANG\Bin
C Compiler:      ArmClang.exe V6.16
Assembler:       Armasm.exe V6.16
Linker/Locator:  ArmLink.exe V6.16
Library Manager: ArmAr.exe V6.16
Hex Converter:   FromElf.exe V6.16
CPU DLL:         
Dialog DLL:      
Target DLL:      STLink\ST-LINKIII-KEIL_SWO.dll V3.0.9.0
Dialog DLL:      TCM.DLL V1.53.0.0
 
<h2>Project:</h2>
C:\Users\Zed20\Downloads\WIFI (3)\WIFI\MDK-ARM\WIFI.uvprojx
Project File Date:  06/28/2025

<h2>Output:</h2>
*** Using Compiler 'V6.16', folder: 'D:\Keil5\ARM\ARMCLANG\Bin'
Rebuild target 'WIFI'
assembling startup_stm32u575xx.s...
compiling bsp_sht20.c...
compiling tcp_wifi.c...
compiling icache.c...
compiling stm32u5xx_it.c...
compiling stm32u5xx_hal_msp.c...
compiling gpio.c...
compiling stm32u5xx_hal_cortex.c...
compiling main.c...
compiling stm32u5xx_hal_i2c_ex.c...
compiling i2c.c...
compiling usart.c...
compiling stm32u5xx_hal.c...
compiling stm32u5xx_hal_dma.c...
compiling stm32u5xx_hal_flash.c...
compiling stm32u5xx_hal_gtzc.c...
compiling stm32u5xx_hal_rcc.c...
compiling stm32u5xx_hal_tim.c...
compiling stm32u5xx_hal_flash_ex.c...
compiling stm32u5xx_hal_pwr.c...
compiling stm32u5xx_hal_exti.c...
compiling stm32u5xx_hal_gpio.c...
compiling stm32u5xx_hal_icache.c...
compiling stm32u5xx_hal_tim_ex.c...
compiling stm32u5xx_hal_dma_ex.c...
compiling stm32u5xx_hal_pwr_ex.c...
compiling system_stm32u5xx.c...
compiling stm32u5xx_hal_rcc_ex.c...
compiling stm32u5xx_hal_uart_ex.c...
compiling stm32u5xx_hal_i2c.c...
compiling stm32u5xx_hal_uart.c...
linking...
Program Size: Code=32332 RO-data=1508 RW-data=16 ZI-data=5104  
FromELF: creating hex file...
"WIFI\WIFI.axf" - 0 Error(s), 0 Warning(s).

<h2>Software Packages used:</h2>

Package Vendor: ARM
                http://www.keil.com/pack/ARM.CMSIS.5.8.0.pack
                ARM.CMSIS.5.8.0
                CMSIS (Common Microcontroller Software Interface Standard)
   * Component: CORE Version: 5.5.0

Package Vendor: Keil
                https://www.keil.com/pack/Keil.STM32U5xx_DFP.2.1.0.pack
                Keil.STM32U5xx_DFP.2.1.0
                STMicroelectronics STM32U5 Series Device Support

<h2>Collection of Component include folders:</h2>
  .\RTE\_WIFI
  D:\Keil5\ARM\PACK\ARM\CMSIS\5.8.0\CMSIS\Core\Include
  D:\Keil5\ARM\PACK\Keil\STM32U5xx_DFP\2.1.0\Drivers\CMSIS\Device\ST\STM32U5xx\Include

<h2>Collection of Component Files used:</h2>

   * Component: ARM::CMSIS:CORE:5.5.0
      Include file:  CMSIS\Core\Include\tz_context.h
Build Time Elapsed:  00:00:03
</pre>
</body>
</html>
